Archive member included to satisfy reference by file (symbol)

NuttX/nuttx/arch/arm/src/libarch.a(stm32_start.o)
                              (__start)
NuttX/nuttx/arch/arm/src/libarch.a(stm32_rcc.o)
                              NuttX/nuttx/arch/arm/src/libarch.a(stm32_start.o) (stm32_clockconfig)
NuttX/nuttx/arch/arm/src/libarch.a(stm32_gpio.o)
                              NuttX/nuttx/arch/arm/src/libarch.a(stm32_start.o) (stm32_gpioinit)
NuttX/nuttx/arch/arm/src/libarch.a(stm32_lowputc.o)
                              NuttX/nuttx/arch/arm/src/libarch.a(stm32_start.o) (stm32_lowsetup)
NuttX/nuttx/arch/arm/src/libarch.a(stm32_serial.o)
                              NuttX/nuttx/arch/arm/src/libarch.a(stm32_start.o) (arm_earlyserialinit)
NuttX/nuttx/arch/arm/src/libarch.a(arm_modifyreg32.o)
                              NuttX/nuttx/arch/arm/src/libarch.a(stm32_serial.o) (modifyreg32)
NuttX/nuttx/arch/arm/src/libarch.a(arm_vectors.o)
                              (_vectors)
NuttX/nuttx/arch/arm/src/libarch.a(arm_exception.o)
                              NuttX/nuttx/arch/arm/src/libarch.a(arm_vectors.o) (exception_common)
NuttX/nuttx/arch/arm/src/libarch.a(stm32_irq.o)
                              NuttX/nuttx/arch/arm/src/libarch.a(stm32_serial.o) (up_disable_irq)
NuttX/nuttx/arch/arm/src/libarch.a(stm32_dma.o)
                              NuttX/nuttx/arch/arm/src/libarch.a(stm32_serial.o) (stm32_dmachannel)
NuttX/nuttx/arch/arm/src/libarch.a(arm_hardfault.o)
                              NuttX/nuttx/arch/arm/src/libarch.a(stm32_irq.o) (arm_hardfault)
NuttX/nuttx/arch/arm/src/libarch.a(arm_svcall.o)
                              NuttX/nuttx/arch/arm/src/libarch.a(stm32_irq.o) (arm_svcall)
NuttX/nuttx/arch/arm/src/libarch.a(arm_doirq.o)
                              NuttX/nuttx/arch/arm/src/libarch.a(arm_exception.o) (arm_doirq)
NuttX/nuttx/libs/libc/libc.a(lib_assert.o)
                              NuttX/nuttx/arch/arm/src/libarch.a(arm_hardfault.o) (_assert)
NuttX/nuttx/libs/libc/libc.a(sem_init.o)
                              NuttX/nuttx/arch/arm/src/libarch.a(stm32_dma.o) (nxsem_init)
NuttX/nuttx/libs/libc/libc.a(lib_abort.o)
                              (abort)
NuttX/nuttx/libs/libc/libc.a(lib_strcpy.o)
                              NuttX/nuttx/arch/arm/src/libarch.a(stm32_serial.o) (strcpy)
NuttX/nuttx/libs/libc/libc.a(lib_memcpy.o)
                              NuttX/nuttx/arch/arm/src/libarch.a(arm_svcall.o) (memcpy)
NuttX/nuttx/libs/libc/libc.a(lib_cfspeed.o)
                              NuttX/nuttx/arch/arm/src/libarch.a(stm32_serial.o) (cfsetspeed)
NuttX/nuttx/libs/libc/libc.a(lib_errno.o)
                              NuttX/nuttx/libs/libc/libc.a(sem_init.o) (__errno)
NuttX/nuttx/libs/libc/libc.a(tls_getinfo.o)
                              NuttX/nuttx/libs/libc/libc.a(lib_errno.o) (tls_get_info)
NuttX/nuttx/drivers/libdrivers.a(serial.o)
                              NuttX/nuttx/arch/arm/src/libarch.a(stm32_serial.o) (uart_register)
NuttX/nuttx/drivers/libdrivers.a(serial_io.o)
                              NuttX/nuttx/arch/arm/src/libarch.a(stm32_serial.o) (uart_xmitchars)
NuttX/nuttx/fs/libfs.a(fs_registerdriver.o)
                              NuttX/nuttx/drivers/libdrivers.a(serial.o) (register_driver)
NuttX/nuttx/fs/libfs.a(fs_inode.o)
                              NuttX/nuttx/fs/libfs.a(fs_registerdriver.o) (inode_semtake)
NuttX/nuttx/fs/libfs.a(fs_inodereserve.o)
                              NuttX/nuttx/fs/libfs.a(fs_inode.o) (inode_root_reserve)
NuttX/nuttx/fs/libfs.a(fs_inodesearch.o)
                              NuttX/nuttx/fs/libfs.a(fs_inodereserve.o) (inode_nextname)
NuttX/nuttx/mm/libmm.a(umm_free.o)
                              NuttX/nuttx/fs/libfs.a(fs_inodereserve.o) (free)
NuttX/nuttx/mm/libmm.a(umm_zalloc.o)
                              NuttX/nuttx/fs/libfs.a(fs_inodereserve.o) (zalloc)
NuttX/nuttx/mm/libmm.a(umm_globals.o)
                              NuttX/nuttx/mm/libmm.a(umm_free.o) (g_mmheap)
NuttX/nuttx/mm/libmm.a(mm_free.o)
                              NuttX/nuttx/mm/libmm.a(umm_free.o) (mm_free)
NuttX/nuttx/mm/libmm.a(mm_zalloc.o)
                              NuttX/nuttx/mm/libmm.a(umm_zalloc.o) (mm_zalloc)
NuttX/nuttx/mm/libmm.a(mm_sem.o)
                              NuttX/nuttx/mm/libmm.a(mm_free.o) (mm_trysemaphore)
NuttX/nuttx/mm/libmm.a(mm_addfreechunk.o)
                              NuttX/nuttx/mm/libmm.a(mm_free.o) (mm_addfreechunk)
NuttX/nuttx/mm/libmm.a(mm_size2ndx.o)
                              NuttX/nuttx/mm/libmm.a(mm_addfreechunk.o) (mm_size2ndx)
NuttX/nuttx/mm/libmm.a(mm_malloc.o)
                              NuttX/nuttx/mm/libmm.a(mm_zalloc.o) (mm_malloc)
NuttX/nuttx/sched/libsched.a(clock_initialize.o)
                              NuttX/nuttx/drivers/libdrivers.a(serial.o) (g_system_timer)
NuttX/nuttx/sched/libsched.a(nx_start.o)
                              NuttX/nuttx/arch/arm/src/libarch.a(stm32_start.o) (nx_start)
[...]
Memory Configuration

Name             Origin             Length             Attributes
flash            0x0000000008001000 0x000000000000f000 xr
sram             0x0000000020000000 0x0000000000002000 xrw
*default*        0x0000000000000000 0xffffffffffffffff

Linker script and memory map

LOAD platforms/nuttx/CMakeFiles/px4.dir/__/common/empty.c.obj

.text           0x0000000008001000     0xdc84
                0x0000000008001000                _stext = ABSOLUTE (.)
 *(.vectors)
 .vectors       0x0000000008001000      0x134 NuttX/nuttx/arch/arm/src/libarch.a(arm_vectors.o)
                0x0000000008001000                _vectors
 *(.text .text.*)
 .text.go_nx_start
                0x0000000008001134       0x26 NuttX/nuttx/arch/arm/src/libarch.a(stm32_start.o)
 *fill*         0x000000000800115a        0x2 
 .text.__start  0x000000000800115c       0x58 NuttX/nuttx/arch/arm/src/libarch.a(stm32_start.o)
                0x000000000800115c                __start
 .text.stm32_clockconfig
                0x00000000080011b4       0xe4 NuttX/nuttx/arch/arm/src/libarch.a(stm32_rcc.o)
                0x00000000080011b4                stm32_clockconfig
 .text.stm32_gpioinit
                0x0000000008001298       0x10 NuttX/nuttx/arch/arm/src/libarch.a(stm32_gpio.o)
                0x0000000008001298                stm32_gpioinit
 .text.stm32_configgpio
                0x00000000080012a8       0xc8 NuttX/nuttx/arch/arm/src/libarch.a(stm32_gpio.o)
                0x00000000080012a8                stm32_configgpio
 .text.stm32_unconfiggpio
                0x0000000008001370        0xc NuttX/nuttx/arch/arm/src/libarch.a(stm32_gpio.o)
                0x0000000008001370                stm32_unconfiggpio
 .text.stm32_gpiowrite
                0x000000000800137c       0x30 NuttX/nuttx/arch/arm/src/libarch.a(stm32_gpio.o)
                0x000000000800137c                stm32_gpiowrite
 .text.stm32_gpioread
                0x00000000080013ac       0x30 NuttX/nuttx/arch/arm/src/libarch.a(stm32_gpio.o)
                0x00000000080013ac                stm32_gpioread
 .text.arm_lowputc
                0x00000000080013dc       0x18 NuttX/nuttx/arch/arm/src/libarch.a(stm32_lowputc.o)
                0x00000000080013dc                arm_lowputc
 .text.stm32_lowsetup
                0x00000000080013f4       0x6c NuttX/nuttx/arch/arm/src/libarch.a(stm32_lowputc.o)
                0x00000000080013f4                stm32_lowsetup
 .text.up_setusartint
                0x0000000008001460       0x28 NuttX/nuttx/arch/arm/src/libarch.a(stm32_serial.o)
 .text.up_restoreusartint
                0x0000000008001488       0x18 NuttX/nuttx/arch/arm/src/libarch.a(stm32_serial.o)
 .text.up_disableusartint
                0x00000000080014a0       0x2e NuttX/nuttx/arch/arm/src/libarch.a(stm32_serial.o)
 .text.up_set_format
                0x00000000080014ce       0x76 NuttX/nuttx/arch/arm/src/libarch.a(stm32_serial.o)
 .text.up_receive
                0x0000000008001544       0x1a NuttX/nuttx/arch/arm/src/libarch.a(stm32_serial.o)
 .text.up_rxint
                0x000000000800155e       0x2e NuttX/nuttx/arch/arm/src/libarch.a(stm32_serial.o)
 .text.up_rxavailable
                0x000000000800158c        0xc NuttX/nuttx/arch/arm/src/libarch.a(stm32_serial.o)
 .text.up_dma_rxint
                0x0000000008001598        0x8 NuttX/nuttx/arch/arm/src/libarch.a(stm32_serial.o)
 .text.up_send  0x00000000080015a0        0x8 NuttX/nuttx/arch/arm/src/libarch.a(stm32_serial.o)
 .text.up_txready
                0x00000000080015a8        0xc NuttX/nuttx/arch/arm/src/libarch.a(stm32_serial.o)
 .text.up_txint
                0x00000000080015b4       0x3c NuttX/nuttx/arch/arm/src/libarch.a(stm32_serial.o)
 .text.up_dma_receive
                0x00000000080015f0       0x34 NuttX/nuttx/arch/arm/src/libarch.a(stm32_serial.o)
 .text.up_ioctl
                0x0000000008001624       0xd4 NuttX/nuttx/arch/arm/src/libarch.a(stm32_serial.o)
 .text.up_detach
                0x00000000080016f8       0x1c NuttX/nuttx/arch/arm/src/libarch.a(stm32_serial.o)
 .text.up_attach
                0x0000000008001714       0x24 NuttX/nuttx/arch/arm/src/libarch.a(stm32_serial.o)
 .text.up_interrupt
                0x0000000008001738       0x56 NuttX/nuttx/arch/arm/src/libarch.a(stm32_serial.o)
 .text.up_dma_rxavailable
                0x000000000800178e       0x1a NuttX/nuttx/arch/arm/src/libarch.a(stm32_serial.o)
 .text.up_dma_rxcallback
                0x00000000080017a8       0x1e NuttX/nuttx/arch/arm/src/libarch.a(stm32_serial.o)
 *fill*         0x00000000080017c6        0x2 
 .text.up_shutdown
                0x00000000080017c8       0x74 NuttX/nuttx/arch/arm/src/libarch.a(stm32_serial.o)
 .text.up_dma_shutdown
                0x000000000800183c       0x1a NuttX/nuttx/arch/arm/src/libarch.a(stm32_serial.o)
 *fill*         0x0000000008001856        0x2 
 .text.up_setup
                0x0000000008001858       0xa0 NuttX/nuttx/arch/arm/src/libarch.a(stm32_serial.o)
 .text.up_dma_setup
                0x00000000080018f8       0x54 NuttX/nuttx/arch/arm/src/libarch.a(stm32_serial.o)
 .text.arm_earlyserialinit
                0x000000000800194c       0x34 NuttX/nuttx/arch/arm/src/libarch.a(stm32_serial.o)
                0x000000000800194c                arm_earlyserialinit
 .text.arm_serialinit
                0x0000000008001980       0x60 NuttX/nuttx/arch/arm/src/libarch.a(stm32_serial.o)
                0x0000000008001980                arm_serialinit
 .text.stm32_serial_dma_poll
                0x00000000080019e0       0x34 NuttX/nuttx/arch/arm/src/libarch.a(stm32_serial.o)
                0x00000000080019e0                stm32_serial_dma_poll
 .text.up_putc  0x0000000008001a14       0x34 NuttX/nuttx/arch/arm/src/libarch.a(stm32_serial.o)
                0x0000000008001a14                up_putc
 .text.modifyreg32
                0x0000000008001a48       0x1e NuttX/nuttx/arch/arm/src/libarch.a(arm_modifyreg32.o)
                0x0000000008001a48                modifyreg32
 .text          0x0000000008001a66       0x5e NuttX/nuttx/arch/arm/src/libarch.a(arm_exception.o)
                0x0000000008001a66                exception_common
 .text.stm32_irqinfo
                0x0000000008001ac4       0x68 NuttX/nuttx/arch/arm/src/libarch.a(stm32_irq.o)
 .text.up_irqinitialize
                0x0000000008001b2c       0x8c NuttX/nuttx/arch/arm/src/libarch.a(stm32_irq.o)
                0x0000000008001b2c                up_irqinitialize
 .text.up_disable_irq
                0x0000000008001bb8       0x24 NuttX/nuttx/arch/arm/src/libarch.a(stm32_irq.o)
                0x0000000008001bb8                up_disable_irq
 .text.up_enable_irq
                0x0000000008001bdc       0x24 NuttX/nuttx/arch/arm/src/libarch.a(stm32_irq.o)
                0x0000000008001bdc                up_enable_irq
 .text.arm_ack_irq
                0x0000000008001c00        0x2 NuttX/nuttx/arch/arm/src/libarch.a(stm32_irq.o)
                0x0000000008001c00                arm_ack_irq
 .text.stm32_dmachandisable
                0x0000000008001c02       0x20 NuttX/nuttx/arch/arm/src/libarch.a(stm32_dma.o)
 *fill*         0x0000000008001c22        0x2 
 .text.stm32_dmainterrupt
                0x0000000008001c24       0x54 NuttX/nuttx/arch/arm/src/libarch.a(stm32_dma.o)
 .text.arm_dma_initialize
                0x0000000008001c78       0x3c NuttX/nuttx/arch/arm/src/libarch.a(stm32_dma.o)
                0x0000000008001c78                arm_dma_initialize
 .text.stm32_dmachannel
                0x0000000008001cb4       0x20 NuttX/nuttx/arch/arm/src/libarch.a(stm32_dma.o)
                0x0000000008001cb4                stm32_dmachannel
 .text.stm32_dmafree
                0x0000000008001cd4        0x6 NuttX/nuttx/arch/arm/src/libarch.a(stm32_dma.o)
                0x0000000008001cd4                stm32_dmafree
 .text.stm32_dmasetup
                0x0000000008001cda       0x34 NuttX/nuttx/arch/arm/src/libarch.a(stm32_dma.o)
                0x0000000008001cda                stm32_dmasetup
 .text.stm32_dmastart
                0x0000000008001d0e       0x28 NuttX/nuttx/arch/arm/src/libarch.a(stm32_dma.o)
                0x0000000008001d0e                stm32_dmastart
 .text.stm32_dmastop
                0x0000000008001d36        0x4 NuttX/nuttx/arch/arm/src/libarch.a(stm32_dma.o)
                0x0000000008001d36                stm32_dmastop
 .text.stm32_dmaresidual
                0x0000000008001d3a        0x6 NuttX/nuttx/arch/arm/src/libarch.a(stm32_dma.o)
                0x0000000008001d3a                stm32_dmaresidual
 .text.arm_hardfault
                0x0000000008001d40       0x18 NuttX/nuttx/arch/arm/src/libarch.a(arm_hardfault.o)
                0x0000000008001d40                arm_hardfault
 .text.arm_svcall
                0x0000000008001d58       0x34 NuttX/nuttx/arch/arm/src/libarch.a(arm_svcall.o)
                0x0000000008001d58                arm_svcall
 .text.arm_doirq
                0x0000000008001d8c       0x24 NuttX/nuttx/arch/arm/src/libarch.a(arm_doirq.o)
                0x0000000008001d8c                arm_doirq
 .text._assert  0x0000000008001db0        0xc NuttX/nuttx/libs/libc/libc.a(lib_assert.o)
                0x0000000008001db0                _assert
 .text.nxsem_init
                0x0000000008001dbc       0x16 NuttX/nuttx/libs/libc/libc.a(sem_init.o)
                0x0000000008001dbc                nxsem_init
 .text.sem_init
                0x0000000008001dd2       0x20 NuttX/nuttx/libs/libc/libc.a(sem_init.o)
                0x0000000008001dd2                sem_init
 .text.unlikely.abort
                0x0000000008001df2        0x8 NuttX/nuttx/libs/libc/libc.a(lib_abort.o)
                0x0000000008001df2                abort
 .text.strcpy   0x0000000008001dfa       0x10 NuttX/nuttx/libs/libc/libc.a(lib_strcpy.o)
                0x0000000008001dfa                strcpy
 .text.memcpy   0x0000000008001e0a       0x16 NuttX/nuttx/libs/libc/libc.a(lib_memcpy.o)
                0x0000000008001e0a                memcpy
 .text.cfsetspeed
                0x0000000008001e20       0x44 NuttX/nuttx/libs/libc/libc.a(lib_cfspeed.o)
                0x0000000008001e20                cfsetspeed
 .text.cfgetspeed
                0x0000000008001e64        0x4 NuttX/nuttx/libs/libc/libc.a(lib_cfspeed.o)
                0x0000000008001e64                cfgetspeed
 .text.__errno  0x0000000008001e68        0xa NuttX/nuttx/libs/libc/libc.a(lib_errno.o)
                0x0000000008001e68                __errno
 .text.tls_get_info
                0x0000000008001e72       0x18 NuttX/nuttx/libs/libc/libc.a(tls_getinfo.o)
                0x0000000008001e72                tls_get_info
 .text.uart_putc
                0x0000000008001e8a       0x20 NuttX/nuttx/drivers/libdrivers.a(serial.o)
 .text.uart_putxmitchar
                0x0000000008001eaa       0x90 NuttX/nuttx/drivers/libdrivers.a(serial.o)
 .text.uart_read
                0x0000000008001f3a       0xfe NuttX/nuttx/drivers/libdrivers.a(serial.o)
 .text.uart_open
                0x0000000008002038       0x86 NuttX/nuttx/drivers/libdrivers.a(serial.o)
 .text.uart_pollnotify
                0x00000000080020be       0x52 NuttX/nuttx/drivers/libdrivers.a(serial.o)
 .text.uart_poll
                0x0000000008002110       0xce NuttX/nuttx/drivers/libdrivers.a(serial.o)
 *fill*         0x00000000080021de        0x2 
 .text.uart_tcdrain
                0x00000000080021e0       0xa0 NuttX/nuttx/drivers/libdrivers.a(serial.o)
 .text.uart_write
                0x0000000008002280      0x104 NuttX/nuttx/drivers/libdrivers.a(serial.o)
 .text.uart_register
                0x0000000008002384       0x8c NuttX/nuttx/drivers/libdrivers.a(serial.o)
                0x0000000008002384                uart_register
 .text.uart_datareceived
                0x0000000008002410       0x20 NuttX/nuttx/drivers/libdrivers.a(serial.o)
                0x0000000008002410                uart_datareceived
 .text.uart_datasent
                0x0000000008002430       0x20 NuttX/nuttx/drivers/libdrivers.a(serial.o)
                0x0000000008002430                uart_datasent
 .text.uart_ioctl
                0x0000000008002450      0x152 NuttX/nuttx/drivers/libdrivers.a(serial.o)
 .text.uart_reset_sem
                0x00000000080025a2       0x38 NuttX/nuttx/drivers/libdrivers.a(serial.o)
                0x00000000080025a2                uart_reset_sem
 .text.uart_close
                0x00000000080025da       0x74 NuttX/nuttx/drivers/libdrivers.a(serial.o)
 .text.uart_xmitchars
                0x000000000800264e       0x6e NuttX/nuttx/drivers/libdrivers.a(serial_io.o)
                0x000000000800264e                uart_xmitchars
 .text.uart_recvchars
                0x00000000080026bc       0x66 NuttX/nuttx/drivers/libdrivers.a(serial_io.o)
                0x00000000080026bc                uart_recvchars
 .text.register_driver
                0x0000000008002722       0x36 NuttX/nuttx/fs/libfs.a(fs_registerdriver.o)
                0x0000000008002722                register_driver
 .text.inode_initialize
                0x0000000008002758       0x30 NuttX/nuttx/fs/libfs.a(fs_inode.o)
                0x0000000008002758                inode_initialize
 .text.inode_semtake
                0x0000000008002788       0x34 NuttX/nuttx/fs/libfs.a(fs_inode.o)
                0x0000000008002788                inode_semtake
 .text.inode_semgive
                0x00000000080027bc       0x24 NuttX/nuttx/fs/libfs.a(fs_inode.o)
                0x00000000080027bc                inode_semgive
 .text.inode_alloc
                0x00000000080027e0       0x3c NuttX/nuttx/fs/libfs.a(fs_inodereserve.o)
 .text.inode_root_reserve
                0x000000000800281c       0x18 NuttX/nuttx/fs/libfs.a(fs_inodereserve.o)
                0x000000000800281c                inode_root_reserve
 .text.inode_reserve
                0x0000000008002834       0x9c NuttX/nuttx/fs/libfs.a(fs_inodereserve.o)
                0x0000000008002834                inode_reserve
 .text.inode_nextname
                0x00000000080028d0       0x1c NuttX/nuttx/fs/libfs.a(fs_inodesearch.o)
                0x00000000080028d0                inode_nextname
 .text.inode_search
                0x00000000080028ec       0xb8 NuttX/nuttx/fs/libfs.a(fs_inodesearch.o)
                0x00000000080028ec                inode_search
 .text.free     0x00000000080029a4        0xc NuttX/nuttx/mm/libmm.a(umm_free.o)
                0x00000000080029a4                free
 .text.zalloc   0x00000000080029b0        0xc NuttX/nuttx/mm/libmm.a(umm_zalloc.o)
                0x00000000080029b0                zalloc
 .text.mm_free  0x00000000080029bc       0xd4 NuttX/nuttx/mm/libmm.a(mm_free.o)
                0x00000000080029bc                mm_free
 .text.mm_zalloc
                0x0000000008002a90       0x18 NuttX/nuttx/mm/libmm.a(mm_zalloc.o)
                0x0000000008002a90                mm_zalloc
 .text.mm_seminitialize
                0x0000000008002aa8       0x18 NuttX/nuttx/mm/libmm.a(mm_sem.o)
                0x0000000008002aa8                mm_seminitialize
 .text.mm_trysemaphore
                0x0000000008002ac0       0x32 NuttX/nuttx/mm/libmm.a(mm_sem.o)
                0x0000000008002ac0                mm_trysemaphore
 .text.mm_takesemaphore
                0x0000000008002af2       0x2a NuttX/nuttx/mm/libmm.a(mm_sem.o)
                0x0000000008002af2                mm_takesemaphore
 .text.mm_givesemaphore
                0x0000000008002b1c       0x1a NuttX/nuttx/mm/libmm.a(mm_sem.o)
                0x0000000008002b1c                mm_givesemaphore
 .text.mm_addfreechunk
                0x0000000008002b36       0x38 NuttX/nuttx/mm/libmm.a(mm_addfreechunk.o)
                0x0000000008002b36                mm_addfreechunk
 .text.mm_size2ndx
                0x0000000008002b6e       0x1a NuttX/nuttx/mm/libmm.a(mm_size2ndx.o)
                0x0000000008002b6e                mm_size2ndx
 .text.mm_malloc
                0x0000000008002b88       0xc4 NuttX/nuttx/mm/libmm.a(mm_malloc.o)
                0x0000000008002b88                mm_malloc
 .text.clock_initialize
                0x0000000008002c4c        0x4 NuttX/nuttx/sched/libsched.a(clock_initialize.o)
                0x0000000008002c4c                clock_initialize
 .text.clock_timer
                0x0000000008002c50       0x10 NuttX/nuttx/sched/libsched.a(clock_initialize.o)
                0x0000000008002c50                clock_timer
 .text.nx_start
                0x0000000008002c60      0x140 NuttX/nuttx/sched/libsched.a(nx_start.o)
                0x0000000008002c60                nx_start
 .text.nx_bringup
                0x0000000008002da0       0x24 NuttX/nuttx/sched/libsched.a(nx_bringup.o)
                0x0000000008002da0                nx_bringup
 .text.irq_attach
                0x0000000008002dc4       0x44 NuttX/nuttx/sched/libsched.a(irq_attach.o)
                0x0000000008002dc4                irq_attach
 .text.irq_dispatch
                0x0000000008002e08       0x3c NuttX/nuttx/sched/libsched.a(irq_dispatch.o)
                0x0000000008002e08                irq_dispatch
 .text.irq_unexpected_isr
                0x0000000008002e44       0x18 NuttX/nuttx/sched/libsched.a(irq_unexpectedisr.o)
                0x0000000008002e44                irq_unexpected_isr
 .text.sched_idletask
                0x0000000008002e5c       0x18 NuttX/nuttx/sched/libsched.a(sched_idletask.o)
                0x0000000008002e5c                sched_idletask
 .text.nxsched_get_stackinfo
                0x0000000008002e74       0x44 NuttX/nuttx/sched/libsched.a(sched_get_stackinfo.o)
                0x0000000008002e74                nxsched_get_stackinfo
 .text.nxsem_wait
                0x0000000008002eb8       0x54 NuttX/nuttx/sched/libsched.a(sem_wait.o)
                0x0000000008002eb8                nxsem_wait
 .text.nxsem_wait_uninterruptible
                0x0000000008002f0c       0x10 NuttX/nuttx/sched/libsched.a(sem_wait.o)
                0x0000000008002f0c                nxsem_wait_uninterruptible
 .text.sem_wait
                0x0000000008002f1c       0x1c NuttX/nuttx/sched/libsched.a(sem_wait.o)
                0x0000000008002f1c                sem_wait
 .text.nxsem_trywait
                0x0000000008002f38       0x40 NuttX/nuttx/sched/libsched.a(sem_trywait.o)
                0x0000000008002f38                nxsem_trywait
 .text.sem_trywait
                0x0000000008002f78       0x1a NuttX/nuttx/sched/libsched.a(sem_trywait.o)
                0x0000000008002f78                sem_trywait
 *fill*         0x0000000008002f92        0x2 
 .text.nxsem_post
                0x0000000008002f94       0x64 NuttX/nuttx/sched/libsched.a(sem_post.o)
                0x0000000008002f94                nxsem_post
 .text.sem_post
                0x0000000008002ff8       0x1a NuttX/nuttx/sched/libsched.a(sem_post.o)
                0x0000000008002ff8                sem_post
 .text.nxsem_reset
                0x0000000008003012       0x42 NuttX/nuttx/sched/libsched.a(sem_reset.o)
                0x0000000008003012                nxsem_reset
 .text.nxsig_usleep
                0x0000000008003054       0x2c NuttX/nuttx/sched/libsched.a(sig_usleep.o)
                0x0000000008003054                nxsig_usleep
 .text.nxthread_create
                0x0000000008003080       0x52 NuttX/nuttx/sched/libsched.a(task_create.o)
 .text.nxtask_create
                0x00000000080030d2       0x16 NuttX/nuttx/sched/libsched.a(task_create.o)
                0x00000000080030d2                nxtask_create
 .text.nxtask_init
                0x00000000080030e8       0xa4 NuttX/nuttx/sched/libsched.a(task_init.o)
                0x00000000080030e8                nxtask_init
 .text.nxtask_setup_scheduler
                0x000000000800318c       0xc0 NuttX/nuttx/sched/libsched.a(task_setup.o)
                0x000000000800318c                nxtask_setup_scheduler
 .text.nxtask_setup_arguments
                0x000000000800324c       0xb4 NuttX/nuttx/sched/libsched.a(task_setup.o)
                0x000000000800324c                nxtask_setup_arguments
 .text.nxtask_activate
                0x0000000008003300       0x18 NuttX/nuttx/sched/libsched.a(task_activate.o)
                0x0000000008003300                nxtask_activate
 .text.nxtask_start
                0x0000000008003318       0x44 NuttX/nuttx/sched/libsched.a(task_start.o)
                0x0000000008003318                nxtask_start
 .text.getpid   0x000000000800335c       0x1c NuttX/nuttx/sched/libsched.a(task_getpid.o)
                0x000000000800335c                getpid
 .text.exit     0x0000000008003378       0x1c NuttX/nuttx/sched/libsched.a(exit.o)
                0x0000000008003378                exit
 .text.group_allocate
                0x0000000008003394       0x18 NuttX/nuttx/sched/libsched.a(group_create.o)
                0x0000000008003394                group_allocate
 .text.group_initialize
                0x00000000080033ac        0xa NuttX/nuttx/sched/libsched.a(group_create.o)
                0x00000000080033ac                group_initialize
 .text.group_leave
                0x00000000080033b6       0x34 NuttX/nuttx/sched/libsched.a(group_leave.o)
                0x00000000080033b6                group_leave
 *fill*         0x00000000080033ea        0x2 
 .text.group_setupidlefiles
                0x00000000080033ec       0x40 NuttX/nuttx/sched/libsched.a(group_setupidlefiles.o)
                0x00000000080033ec                group_setupidlefiles
 .text.group_setuptaskfiles
                0x000000000800342c       0x16 NuttX/nuttx/sched/libsched.a(group_setuptaskfiles.o)
                0x000000000800342c                group_setuptaskfiles
 *fill*         0x0000000008003442        0x2 
 .text.irq_initialize
                0x0000000008003444       0x24 NuttX/nuttx/sched/libsched.a(irq_initialize.o)
                0x0000000008003444                irq_initialize
 .text.nxsched_get_tcb
                0x0000000008003468       0x38 NuttX/nuttx/sched/libsched.a(sched_gettcb.o)
                0x0000000008003468                nxsched_get_tcb
 .text.nxsched_release_tcb
                0x00000000080034a0       0x40 NuttX/nuttx/sched/libsched.a(sched_releasetcb.o)
                0x00000000080034a0                nxsched_release_tcb
 .text.sched_lock
                0x00000000080034e0       0x1c NuttX/nuttx/sched/libsched.a(sched_lock.o)
                0x00000000080034e0                sched_lock
 .text.sched_unlock
                0x00000000080034fc       0x50 NuttX/nuttx/sched/libsched.a(sched_unlock.o)
                0x00000000080034fc                sched_unlock
 .text.nxsig_procmask
                0x000000000800354c       0x64 NuttX/nuttx/sched/libsched.a(sig_procmask.o)
                0x000000000800354c                nxsig_procmask
 .text.nxsig_unmask_pendingsignal
                0x00000000080035b0       0x64 NuttX/nuttx/sched/libsched.a(sig_unmaskpendingsignal.o)
                0x00000000080035b0                nxsig_unmask_pendingsignal
 .text.nxsig_remove_pendingsignal
                0x0000000008003614       0x3c NuttX/nuttx/sched/libsched.a(sig_removependingsignal.o)
                0x0000000008003614                nxsig_remove_pendingsignal
 .text.nxsig_release_pendingsignal
                0x0000000008003650       0x44 NuttX/nuttx/sched/libsched.a(sig_releasependingsignal.o)
                0x0000000008003650                nxsig_release_pendingsignal
 .text.nxsig_lowest
                0x0000000008003694       0x1e NuttX/nuttx/sched/libsched.a(sig_lowest.o)
                0x0000000008003694                nxsig_lowest
 .text.nxsig_cleanup
                0x00000000080036b2       0x32 NuttX/nuttx/sched/libsched.a(sig_cleanup.o)
                0x00000000080036b2                nxsig_cleanup
 .text.nxsig_release
                0x00000000080036e4       0x26 NuttX/nuttx/sched/libsched.a(sig_cleanup.o)
                0x00000000080036e4                nxsig_release
 *fill*         0x000000000800370a        0x2 
 .text.nxsig_tcbdispatch
                0x000000000800370c      0x194 NuttX/nuttx/sched/libsched.a(sig_dispatch.o)
                0x000000000800370c                nxsig_tcbdispatch
 .text.nxsig_deliver
                0x00000000080038a0       0xae NuttX/nuttx/sched/libsched.a(sig_deliver.o)
                0x00000000080038a0                nxsig_deliver
 *fill*         0x000000000800394e        0x2 
 .text.nxsig_nanosleep
                0x0000000008003950       0x88 NuttX/nuttx/sched/libsched.a(sig_nanosleep.o)
                0x0000000008003950                nxsig_nanosleep
 .text.nxtask_exithook
                0x00000000080039d8       0x38 NuttX/nuttx/sched/libsched.a(task_exithook.o)
                0x00000000080039d8                nxtask_exithook
 .text.nxtask_recover
                0x0000000008003a10       0x12 NuttX/nuttx/sched/libsched.a(task_recover.o)
                0x0000000008003a10                nxtask_recover
 .text.wd_recover
                0x0000000008003a22        0x6 NuttX/nuttx/sched/libsched.a(wd_recover.o)
                0x0000000008003a22                wd_recover
 .text.clock_time2ticks
                0x0000000008003a28       0x34 NuttX/nuttx/sched/libsched.a(clock_time2ticks.o)
                0x0000000008003a28                clock_time2ticks
 .text.clock_ticks2time
                0x0000000008003a5c       0x1c NuttX/nuttx/sched/libsched.a(clock_ticks2time.o)
                0x0000000008003a5c                clock_ticks2time
 .text.group_setupstreams
                0x0000000008003a78       0x32 NuttX/nuttx/sched/libsched.a(group_setupstreams.o)
                0x0000000008003a78                group_setupstreams
 .text.nxsem_recover
                0x0000000008003aaa       0x26 NuttX/nuttx/sched/libsched.a(sem_recover.o)
                0x0000000008003aaa                nxsem_recover
 .text.nxsem_wait_irq
                0x0000000008003ad0       0x2e NuttX/nuttx/sched/libsched.a(sem_waitirq.o)
                0x0000000008003ad0                nxsem_wait_irq
 *fill*         0x0000000008003afe        0x2 
 .text.nxsig_initialize
                0x0000000008003b00       0xbc NuttX/nuttx/sched/libsched.a(sig_initialize.o)
                0x0000000008003b00                nxsig_initialize
 .text.nxsig_release_action
                0x0000000008003bbc        0xc NuttX/nuttx/sched/libsched.a(sig_action.o)
                0x0000000008003bbc                nxsig_release_action
 .text.nxsig_pendingset
                0x0000000008003bc8       0x2e NuttX/nuttx/sched/libsched.a(sig_pending.o)
                0x0000000008003bc8                nxsig_pendingset
 .text.nxsig_timeout
                0x0000000008003bf6       0x1e NuttX/nuttx/sched/libsched.a(sig_timedwait.o)
 .text.nxsig_timedwait
                0x0000000008003c14       0xf4 NuttX/nuttx/sched/libsched.a(sig_timedwait.o)
                0x0000000008003c14                nxsig_timedwait
 .text.nxsig_find_action
                0x0000000008003d08       0x22 NuttX/nuttx/sched/libsched.a(sig_findaction.o)
                0x0000000008003d08                nxsig_find_action
 *fill*         0x0000000008003d2a        0x2 
 .text.nxsig_alloc_pendingsigaction
                0x0000000008003d2c       0x48 NuttX/nuttx/sched/libsched.a(sig_allocpendingsigaction.o)
                0x0000000008003d2c                nxsig_alloc_pendingsigaction
 .text.nxsig_release_pendingsigaction
                0x0000000008003d74       0x44 NuttX/nuttx/sched/libsched.a(sig_releasependingsigaction.o)
                0x0000000008003d74                nxsig_release_pendingsigaction
 .text.wd_start
                0x0000000008003db8       0xb8 NuttX/nuttx/sched/libsched.a(wd_start.o)
                0x0000000008003db8                wd_start
 .text.wd_timer
                0x0000000008003e70       0x48 NuttX/nuttx/sched/libsched.a(wd_start.o)
                0x0000000008003e70                wd_timer
 .text.wd_cancel
                0x0000000008003eb8       0x68 NuttX/nuttx/sched/libsched.a(wd_cancel.o)
                0x0000000008003eb8                wd_cancel
 .text.wd_initialize
                0x0000000008003f20       0x10 NuttX/nuttx/sched/libsched.a(wd_initialize.o)
                0x0000000008003f20                wd_initialize
 .text.up_allocate_heap
                0x0000000008003f30       0x14 NuttX/nuttx/arch/arm/src/libarch.a(stm32_allocateheap.o)
                0x0000000008003f30                up_allocate_heap
 .text.stm32_timerisr
                0x0000000008003f44        0xa NuttX/nuttx/arch/arm/src/libarch.a(stm32_timerisr.o)
 *fill*         0x0000000008003f4e        0x2 
 .text.up_timer_initialize
                0x0000000008003f50       0x44 NuttX/nuttx/arch/arm/src/libarch.a(stm32_timerisr.o)
                0x0000000008003f50                up_timer_initialize
 .text.up_idle  0x0000000008003f94        0x2 NuttX/nuttx/arch/arm/src/libarch.a(stm32_idle.o)
                0x0000000008003f94                up_idle
 *fill*         0x0000000008003f96        0x2 
 .text.up_assert
                0x0000000008003f98       0x44 NuttX/nuttx/arch/arm/src/libarch.a(arm_assert.o)
                0x0000000008003f98                up_assert
 .text.up_block_task
                0x0000000008003fdc       0x5c NuttX/nuttx/arch/arm/src/libarch.a(arm_blocktask.o)
                0x0000000008003fdc                up_block_task
 .text.arm_copyfullstate
                0x0000000008004038       0x18 NuttX/nuttx/arch/arm/src/libarch.a(arm_copyfullstate.o)
                0x0000000008004038                arm_copyfullstate
 .text.up_create_stack
                0x0000000008004050       0x58 NuttX/nuttx/arch/arm/src/libarch.a(arm_createstack.o)
                0x0000000008004050                up_create_stack
 .text.up_exit  0x00000000080040a8       0x20 NuttX/nuttx/arch/arm/src/libarch.a(arm_exit.o)
                0x00000000080040a8                up_exit
 .text.up_initialize
                0x00000000080040c8       0x20 NuttX/nuttx/arch/arm/src/libarch.a(arm_initialize.o)
                0x00000000080040c8                up_initialize
 .text.up_initial_state
                0x00000000080040e8       0x50 NuttX/nuttx/arch/arm/src/libarch.a(arm_initialstate.o)
                0x00000000080040e8                up_initial_state
 .text.up_interrupt_context
                0x0000000008004138       0x10 NuttX/nuttx/arch/arm/src/libarch.a(arm_interruptcontext.o)
                0x0000000008004138                up_interrupt_context
 .text.up_release_pending
                0x0000000008004148       0x38 NuttX/nuttx/arch/arm/src/libarch.a(arm_releasepending.o)
                0x0000000008004148                up_release_pending
 .text.up_release_stack
                0x0000000008004180       0x1e NuttX/nuttx/arch/arm/src/libarch.a(arm_releasestack.o)
                0x0000000008004180                up_release_stack
 *fill*         0x000000000800419e        0x2 
 .text.up_schedule_sigaction
                0x00000000080041a0       0x80 NuttX/nuttx/arch/arm/src/libarch.a(arm_schedulesigaction.o)
                0x00000000080041a0                up_schedule_sigaction
 .text.arm_sigdeliver
                0x0000000008004220       0x50 NuttX/nuttx/arch/arm/src/libarch.a(arm_sigdeliver.o)
                0x0000000008004220                arm_sigdeliver
 .text.up_stack_frame
                0x0000000008004270       0x26 NuttX/nuttx/arch/arm/src/libarch.a(arm_stackframe.o)
                0x0000000008004270                up_stack_frame
 *fill*         0x0000000008004296        0x2 
 .text.up_unblock_task
                0x0000000008004298       0x40 NuttX/nuttx/arch/arm/src/libarch.a(arm_unblocktask.o)
                0x0000000008004298                up_unblock_task
 .text.up_use_stack
                0x00000000080042d8       0x50 NuttX/nuttx/arch/arm/src/libarch.a(arm_usestack.o)
                0x00000000080042d8                up_use_stack
 .text.arm_stack_color
                0x0000000008004328       0x20 NuttX/nuttx/arch/arm/src/libarch.a(arm_checkstack.o)
                0x0000000008004328                arm_stack_color
 .text          0x0000000008004348        0xa NuttX/nuttx/arch/arm/src/libarch.a(arm_fullcontextrestore.o)
                0x0000000008004348                arm_fullcontextrestore
 .text          0x0000000008004352        0xc NuttX/nuttx/arch/arm/src/libarch.a(arm_switchcontext.o)
                0x0000000008004352                arm_switchcontext
 .text.lib_stream_initialize
                0x000000000800435e       0x16 NuttX/nuttx/libs/libc/libc.a(lib_stream.o)
                0x000000000800435e                lib_stream_initialize
 .text.lib_stream_release
                0x0000000008004374       0x1e NuttX/nuttx/libs/libc/libc.a(lib_stream.o)
                0x0000000008004374                lib_stream_release
 .text.sq_addlast
                0x0000000008004392       0x14 NuttX/nuttx/libs/libc/libc.a(sq_addlast.o)
                0x0000000008004392                sq_addlast
 .text.sq_addfirst
                0x00000000080043a6        0xc NuttX/nuttx/libs/libc/libc.a(sq_addfirst.o)
                0x00000000080043a6                sq_addfirst
 .text.sq_addafter
                0x00000000080043b2       0x1c NuttX/nuttx/libs/libc/libc.a(sq_addafter.o)
                0x00000000080043b2                sq_addafter
 .text.sq_rem   0x00000000080043ce       0x2c NuttX/nuttx/libs/libc/libc.a(sq_rem.o)
                0x00000000080043ce                sq_rem
 .text.sq_remfirst
                0x00000000080043fa       0x14 NuttX/nuttx/libs/libc/libc.a(sq_remfirst.o)
                0x00000000080043fa                sq_remfirst
 .text.sq_remafter
                0x000000000800440e       0x20 NuttX/nuttx/libs/libc/libc.a(sq_remafter.o)
                0x000000000800440e                sq_remafter
 .text.dq_addfirst
                0x000000000800442e       0x16 NuttX/nuttx/libs/libc/libc.a(dq_addfirst.o)
                0x000000000800442e                dq_addfirst
 .text.dq_rem   0x0000000008004444       0x1c NuttX/nuttx/libs/libc/libc.a(dq_rem.o)
                0x0000000008004444                dq_rem
 .text.nxtask_startup
                0x0000000008004460       0x58 NuttX/nuttx/libs/libc/libc.a(task_startup.o)
                0x0000000008004460                nxtask_startup
 .text.nxsem_get_value
                0x00000000080044b8       0x14 NuttX/nuttx/libs/libc/libc.a(sem_getvalue.o)
                0x00000000080044b8                nxsem_get_value
 .text.nxsem_set_protocol
                0x00000000080044cc       0x14 NuttX/nuttx/libs/libc/libc.a(sem_setprotocol.o)
                0x00000000080044cc                nxsem_set_protocol
 .text.nxsig_addset
                0x00000000080044e0       0x1a NuttX/nuttx/libs/libc/libc.a(sig_addset.o)
                0x00000000080044e0                nxsig_addset
 .text.nxsig_delset
                0x00000000080044fa       0x1a NuttX/nuttx/libs/libc/libc.a(sig_delset.o)
                0x00000000080044fa                nxsig_delset
 .text.sigemptyset
                0x0000000008004514        0x8 NuttX/nuttx/libs/libc/libc.a(sig_emptyset.o)
                0x0000000008004514                sigemptyset
 .text.nxsig_ismember
                0x000000000800451c       0x12 NuttX/nuttx/libs/libc/libc.a(sig_ismember.o)
                0x000000000800451c                nxsig_ismember
 .text.asprintf
                0x000000000800452e       0x1a NuttX/nuttx/libs/libc/libc.a(lib_asprintf.o)
                0x000000000800452e                asprintf
 .text.vasprintf
                0x0000000008004548       0x4a NuttX/nuttx/libs/libc/libc.a(lib_vasprintf.o)
                0x0000000008004548                vasprintf
 .text.memoutstream_putc
                0x0000000008004592       0x1a NuttX/nuttx/libs/libc/libc.a(lib_memoutstream.o)
 .text.lib_memoutstream
                0x00000000080045ac       0x20 NuttX/nuttx/libs/libc/libc.a(lib_memoutstream.o)
                0x00000000080045ac                lib_memoutstream
 .text.nulloutstream_putc
                0x00000000080045cc        0x8 NuttX/nuttx/libs/libc/libc.a(lib_nulloutstream.o)
 .text.lib_nulloutstream
                0x00000000080045d4       0x18 NuttX/nuttx/libs/libc/libc.a(lib_nulloutstream.o)
                0x00000000080045d4                lib_nulloutstream
 .text.lib_noflush
                0x00000000080045ec        0x4 NuttX/nuttx/libs/libc/libc.a(lib_libnoflush.o)
                0x00000000080045ec                lib_noflush
 .text.lib_vsprintf
                0x00000000080045f0      0x440 NuttX/nuttx/libs/libc/libc.a(lib_libvsprintf.o)
                0x00000000080045f0                lib_vsprintf
 .text.__ultoa_invert
                0x0000000008004a30       0x38 NuttX/nuttx/libs/libc/libc.a(lib_ultoa_invert.o)
                0x0000000008004a30                __ultoa_invert
 .text.lib_flushall
                0x0000000008004a68       0x38 NuttX/nuttx/libs/libc/libc.a(lib_libflushall.o)
                0x0000000008004a68                lib_flushall
 .text.lib_fflush
                0x0000000008004aa0        0x4 NuttX/nuttx/libs/libc/libc.a(lib_libfflush.o)
                0x0000000008004aa0                lib_fflush
 .text.memset   0x0000000008004aa4       0x10 NuttX/nuttx/libs/libc/libc.a(lib_memset.o)
                0x0000000008004aa4                memset
 .text.strlen   0x0000000008004ab4       0x10 NuttX/nuttx/libs/libc/libc.a(lib_strlen.o)
                0x0000000008004ab4                strlen
 .text.strnlen  0x0000000008004ac4       0x1a NuttX/nuttx/libs/libc/libc.a(lib_strnlen.o)
                0x0000000008004ac4                strnlen
 .text.stream_semtake
                0x0000000008004ade       0x10 NuttX/nuttx/libs/libc/libc.a(lib_streamsem.o)
                0x0000000008004ade                stream_semtake
 .text.stream_semgive
                0x0000000008004aee        0x4 NuttX/nuttx/libs/libc/libc.a(lib_streamsem.o)
                0x0000000008004aee                stream_semgive
 *fill*         0x0000000008004af2        0x2 
 .text.syslog_flush
                0x0000000008004af4       0x10 NuttX/nuttx/drivers/libdrivers.a(syslog_flush.o)
                0x0000000008004af4                syslog_flush
 .text.syslog_initialize
                0x0000000008004b04        0x4 NuttX/nuttx/drivers/libdrivers.a(syslog_initialize.o)
                0x0000000008004b04                syslog_initialize
 .text.fs_initialize
                0x0000000008004b08        0x4 NuttX/nuttx/fs/libfs.a(fs_initialize.o)
                0x0000000008004b08                fs_initialize
 .text._files_close
                0x0000000008004b0c       0x2a NuttX/nuttx/fs/libfs.a(fs_files.o)
 .text.files_initialize
                0x0000000008004b36        0x2 NuttX/nuttx/fs/libfs.a(fs_files.o)
                0x0000000008004b36                files_initialize
 .text.files_initlist
                0x0000000008004b38        0x8 NuttX/nuttx/fs/libfs.a(fs_files.o)
                0x0000000008004b38                files_initlist
 .text.files_releaselist
                0x0000000008004b40       0x24 NuttX/nuttx/fs/libfs.a(fs_files.o)
                0x0000000008004b40                files_releaselist
 .text.file_dup2
                0x0000000008004b64       0x90 NuttX/nuttx/fs/libfs.a(fs_files.o)
                0x0000000008004b64                file_dup2
 .text.files_allocate
                0x0000000008004bf4       0x4e NuttX/nuttx/fs/libfs.a(fs_files.o)
                0x0000000008004bf4                files_allocate
 .text.files_close
                0x0000000008004c42       0x3a NuttX/nuttx/fs/libfs.a(fs_files.o)
                0x0000000008004c42                files_close
 .text.files_release
                0x0000000008004c7c       0x2e NuttX/nuttx/fs/libfs.a(fs_files.o)
                0x0000000008004c7c                files_release
 .text.inode_addref
                0x0000000008004caa       0x20 NuttX/nuttx/fs/libfs.a(fs_inodeaddref.o)
                0x0000000008004caa                inode_addref
 .text.inode_release
                0x0000000008004cca       0x3c NuttX/nuttx/fs/libfs.a(fs_inoderelease.o)
                0x0000000008004cca                inode_release
 .text.nx_close
                0x0000000008004d06        0xe NuttX/nuttx/fs/libfs.a(fs_close.o)
                0x0000000008004d06                nx_close
 .text.close    0x0000000008004d14       0x1a NuttX/nuttx/fs/libfs.a(fs_close.o)
                0x0000000008004d14                close
 .text.fs_dupfd2
                0x0000000008004d2e       0x3e NuttX/nuttx/fs/libfs.a(fs_dupfd2.o)
                0x0000000008004d2e                fs_dupfd2
 .text.fs_getfilep
                0x0000000008004d6c       0x2c NuttX/nuttx/fs/libfs.a(fs_getfilep.o)
                0x0000000008004d6c                fs_getfilep
 .text.inode_checkflags
                0x0000000008004d98       0x28 NuttX/nuttx/fs/libfs.a(fs_open.o)
                0x0000000008004d98                inode_checkflags
 .text.nx_vopen
                0x0000000008004dc0       0x94 NuttX/nuttx/fs/libfs.a(fs_open.o)
                0x0000000008004dc0                nx_vopen
 .text.nx_open  0x0000000008004e54       0x1a NuttX/nuttx/fs/libfs.a(fs_open.o)
                0x0000000008004e54                nx_open
 .text.open     0x0000000008004e6e       0x2c NuttX/nuttx/fs/libfs.a(fs_open.o)
                0x0000000008004e6e                open
 .text.fs_fdopen
                0x0000000008004e9a       0xa4 NuttX/nuttx/fs/libfs.a(fs_fdopen.o)
                0x0000000008004e9a                fs_fdopen
 .text.inode_find
                0x0000000008004f3e       0x26 NuttX/nuttx/fs/libfs.a(fs_inodefind.o)
                0x0000000008004f3e                inode_find
 .text.inode_free
                0x0000000008004f64       0x1e NuttX/nuttx/fs/libfs.a(fs_inodefree.o)
                0x0000000008004f64                inode_free
 *fill*         0x0000000008004f82        0x2 
 .text.umm_initialize
                0x0000000008004f84       0x10 NuttX/nuttx/mm/libmm.a(umm_initialize.o)
                0x0000000008004f84                umm_initialize
 .text.malloc   0x0000000008004f94        0xc NuttX/nuttx/mm/libmm.a(umm_malloc.o)
                0x0000000008004f94                malloc
 .text.memalign
                0x0000000008004fa0       0x10 NuttX/nuttx/mm/libmm.a(umm_memalign.o)
                0x0000000008004fa0                memalign
 .text.umm_heapmember
                0x0000000008004fb0        0xc NuttX/nuttx/mm/libmm.a(umm_heapmember.o)
                0x0000000008004fb0                umm_heapmember
 .text.mm_addregion
                0x0000000008004fbc       0x60 NuttX/nuttx/mm/libmm.a(mm_initialize.o)
                0x0000000008004fbc                mm_addregion
 .text.mm_initialize
                0x000000000800501c       0x44 NuttX/nuttx/mm/libmm.a(mm_initialize.o)
                0x000000000800501c                mm_initialize
 .text.mm_memalign
                0x0000000008005060       0xac NuttX/nuttx/mm/libmm.a(mm_memalign.o)
                0x0000000008005060                mm_memalign
 .text.mm_heapmember
                0x000000000800510c       0x16 NuttX/nuttx/mm/libmm.a(mm_heapmember.o)
                0x000000000800510c                mm_heapmember
 .text.mm_shrinkchunk
                0x0000000008005122       0x72 NuttX/nuttx/mm/libmm.a(mm_shrinkchunk.o)
                0x0000000008005122                mm_shrinkchunk
 .text.nxsched_get_files
                0x0000000008005194       0x10 NuttX/nuttx/sched/libsched.a(sched_getfiles.o)
                0x0000000008005194                nxsched_get_files
 .text.nxsched_add_readytorun
                0x00000000080051a4       0x48 NuttX/nuttx/sched/libsched.a(sched_addreadytorun.o)
                0x00000000080051a4                nxsched_add_readytorun
 .text.nxsched_remove_readytorun
                0x00000000080051ec       0x28 NuttX/nuttx/sched/libsched.a(sched_removereadytorun.o)
                0x00000000080051ec                nxsched_remove_readytorun
 .text.nxsched_add_prioritized
                0x0000000008005214       0x48 NuttX/nuttx/sched/libsched.a(sched_addprioritized.o)
                0x0000000008005214                nxsched_add_prioritized
 .text.nxsched_merge_pending
                0x000000000800525c       0x58 NuttX/nuttx/sched/libsched.a(sched_mergepending.o)
                0x000000000800525c                nxsched_merge_pending
 .text.nxsched_add_blocked
                0x00000000080052b4       0x28 NuttX/nuttx/sched/libsched.a(sched_addblocked.o)
                0x00000000080052b4                nxsched_add_blocked
 .text.nxsched_remove_blocked
                0x00000000080052dc       0x1c NuttX/nuttx/sched/libsched.a(sched_removeblocked.o)
                0x00000000080052dc                nxsched_remove_blocked
 .text.nxsched_self
                0x00000000080052f8        0xc NuttX/nuttx/sched/libsched.a(sched_self.o)
                0x00000000080052f8                nxsched_self
 .text.nxsched_process_timer
                0x0000000008005304       0x18 NuttX/nuttx/sched/libsched.a(sched_processtimer.o)
                0x0000000008005304                nxsched_process_timer
 .text.nxsem_destroy
                0x000000000800531c       0x16 NuttX/nuttx/sched/libsched.a(sem_destroy.o)
                0x000000000800531c                nxsem_destroy
 .text.sem_destroy
                0x0000000008005332       0x1a NuttX/nuttx/sched/libsched.a(sem_destroy.o)
                0x0000000008005332                sem_destroy
 .text.nxtask_exit
                0x000000000800534c       0x4c NuttX/nuttx/sched/libsched.a(task_exit.o)
                0x000000000800534c                nxtask_exit
 .text.nxtask_terminate
                0x0000000008005398       0x54 NuttX/nuttx/sched/libsched.a(task_terminate.o)
                0x0000000008005398                nxtask_terminate
 .text.dq_addlast
                0x00000000080053ec       0x16 NuttX/nuttx/libs/libc/libc.a(dq_addlast.o)
                0x00000000080053ec                dq_addlast
 *fill*         0x0000000008005402        0x2 
 .text          0x0000000008005404       0xa0 /usr/lib/gcc/arm-none-eabi/9.2.1/thumb/v7-m/nofp/libgcc.a(_aeabi_ldivmod.o)
                0x0000000008005404                __aeabi_ldivmod
 .text          0x00000000080054a4       0x30 /usr/lib/gcc/arm-none-eabi/9.2.1/thumb/v7-m/nofp/libgcc.a(_aeabi_uldivmod.o)
                0x00000000080054a4                __aeabi_uldivmod
 .text          0x00000000080054d4      0x2c4 /usr/lib/gcc/arm-none-eabi/9.2.1/thumb/v7-m/nofp/libgcc.a(_udivmoddi4.o)
                0x00000000080054d4                __udivmoddi4
 .text          0x0000000008005798        0x4 /usr/lib/gcc/arm-none-eabi/9.2.1/thumb/v7-m/nofp/libgcc.a(_dvmd_tls.o)
                0x0000000008005798                __aeabi_ldiv0
                0x0000000008005798                __aeabi_idiv0
 .text.atomic_modify_or
                0x000000000800579c       0x28 src/modules/px4iofirmware/libpx4iofirmware.a(px4io.c.obj)
                0x000000000800579c                atomic_modify_or
 .text.atomic_modify_clear
                0x00000000080057c4       0x30 src/modules/px4iofirmware/libpx4iofirmware.a(px4io.c.obj)
                0x00000000080057c4                atomic_modify_clear
 .text.isr_debug
                0x00000000080057f4       0x4c src/modules/px4iofirmware/libpx4iofirmware.a(px4io.c.obj)
                0x00000000080057f4                isr_debug
 .text.schedule_reboot
                0x0000000008005840       0x1c src/modules/px4iofirmware/libpx4iofirmware.a(px4io.c.obj)
                0x0000000008005840                schedule_reboot
 .text.user_start
                0x000000000800585c      0x404 src/modules/px4iofirmware/libpx4iofirmware.a(px4io.c.obj)
                0x000000000800585c                user_start
 .text.pwm_configure_rates
                0x0000000008005c60       0x84 src/modules/px4iofirmware/libpx4iofirmware.a(registers.c.obj)
 .text.registers_set
                0x0000000008005ce4      0x590 src/modules/px4iofirmware/libpx4iofirmware.a(registers.c.obj)
                0x0000000008005ce4                registers_set
 .text.registers_get
                0x0000000008006274      0x1c8 src/modules/px4iofirmware/libpx4iofirmware.a(registers.c.obj)
                0x0000000008006274                registers_get
 .text.safety_check_button
                0x000000000800643c       0xc8 src/modules/px4iofirmware/libpx4iofirmware.a(safety.c.obj)
 .text.failsafe_blink
                0x0000000008006504       0x38 src/modules/px4iofirmware/libpx4iofirmware.a(safety.c.obj)
 .text.safety_init
                0x000000000800653c       0x30 src/modules/px4iofirmware/libpx4iofirmware.a(safety.c.obj)
                0x000000000800653c                safety_init
 .text.failsafe_led_init
                0x000000000800656c       0x30 src/modules/px4iofirmware/libpx4iofirmware.a(safety.c.obj)
                0x000000000800656c                failsafe_led_init
 .text.dma_reset
                0x000000000800659c       0x6c src/modules/px4iofirmware/libpx4iofirmware.a(serial.c.obj)
 .text.rx_dma_callback
                0x0000000008006608      0x118 src/modules/px4iofirmware/libpx4iofirmware.a(serial.c.obj)
 .text.serial_interrupt
                0x0000000008006720       0x7c src/modules/px4iofirmware/libpx4iofirmware.a(serial.c.obj)
 .text.interface_init
                0x000000000800679c       0x84 src/modules/px4iofirmware/libpx4iofirmware.a(serial.c.obj)
                0x000000000800679c                interface_init
 .text.adc_init
                0x0000000008006820       0x80 src/modules/px4iofirmware/libpx4iofirmware.a(adc.c.obj)
                0x0000000008006820                adc_init
 .text.adc_measure
                0x00000000080068a0       0x68 src/modules/px4iofirmware/libpx4iofirmware.a(adc.c.obj)
                0x00000000080068a0                adc_measure
 .text.controls_init
                0x0000000008006908       0x74 src/modules/px4iofirmware/libpx4iofirmware.a(controls.c.obj)
                0x0000000008006908                controls_init
 .text.controls_tick
                0x000000000800697c      0x608 src/modules/px4iofirmware/libpx4iofirmware.a(controls.c.obj)
                0x000000000800697c                controls_tick
 .text._ZL14mixer_callbackjhhRf
                0x0000000008006f84      0x1c4 src/modules/px4iofirmware/libpx4iofirmware.a(mixer.cpp.obj)
 .text._ZL20mixer_mix_threadsafePfPVt.constprop.0
                0x0000000008007148       0x3c src/modules/px4iofirmware/libpx4iofirmware.a(mixer.cpp.obj)
 .text.mixer_handle_text_create_mixer
                0x0000000008007184       0x9c src/modules/px4iofirmware/libpx4iofirmware.a(mixer.cpp.obj)
                0x0000000008007184                mixer_handle_text_create_mixer
 .text.mixer_tick
                0x0000000008007220      0x588 src/modules/px4iofirmware/libpx4iofirmware.a(mixer.cpp.obj)
                0x0000000008007220                mixer_tick
 .text.mixer_set_failsafe
                0x00000000080077a8      0x10c src/modules/px4iofirmware/libpx4iofirmware.a(mixer.cpp.obj)
                0x00000000080077a8                mixer_set_failsafe
 .text._ZN4ListIP5MixerE5clearEv
                0x00000000080078b4       0x18 src/modules/px4iofirmware/libpx4iofirmware.a(mixer.cpp.obj)
                0x00000000080078b4                List<Mixer*>::clear()
 .text.mixer_handle_text
                0x00000000080078cc      0x100 src/modules/px4iofirmware/libpx4iofirmware.a(mixer.cpp.obj)
                0x00000000080078cc                mixer_handle_text
 .text._ZN10MixerGroupD2Ev
                0x00000000080079cc        0xc src/modules/px4iofirmware/libpx4iofirmware.a(mixer.cpp.obj)
                0x00000000080079cc                MixerGroup::~MixerGroup()
                0x00000000080079cc                MixerGroup::~MixerGroup()
 .text.startup._GLOBAL__sub_I_mixer_tick
                0x00000000080079d8       0x18 src/modules/px4iofirmware/libpx4iofirmware.a(mixer.cpp.obj)
 .text.up_pwm_servo_set
                0x00000000080079f0        0x4 platforms/nuttx/src/px4/stm/stm32f1/io_pins/libarch_io_pins.a(pwm_servo.c.obj)
                0x00000000080079f0                up_pwm_servo_set
 .text.up_pwm_servo_init
                0x00000000080079f4       0x74 platforms/nuttx/src/px4/stm/stm32f1/io_pins/libarch_io_pins.a(pwm_servo.c.obj)
                0x00000000080079f4                up_pwm_servo_init
 .text.up_pwm_servo_set_rate_group_update
                0x0000000008007a68       0x34 platforms/nuttx/src/px4/stm/stm32f1/io_pins/libarch_io_pins.a(pwm_servo.c.obj)
                0x0000000008007a68                up_pwm_servo_set_rate_group_update
 .text.up_pwm_update
                0x0000000008007a9c        0x4 platforms/nuttx/src/px4/stm/stm32f1/io_pins/libarch_io_pins.a(pwm_servo.c.obj)
                0x0000000008007a9c                up_pwm_update
 .text.up_pwm_servo_get_rate_group
                0x0000000008007aa0       0x20 platforms/nuttx/src/px4/stm/stm32f1/io_pins/libarch_io_pins.a(pwm_servo.c.obj)
                0x0000000008007aa0                up_pwm_servo_get_rate_group
 .text.up_pwm_servo_arm
                0x0000000008007ac0       0x1a platforms/nuttx/src/px4/stm/stm32f1/io_pins/libarch_io_pins.a(pwm_servo.c.obj)
                0x0000000008007ac0                up_pwm_servo_arm
 .text.io_timer_handler0
                0x0000000008007ada        0x4 platforms/nuttx/src/px4/stm/stm32f1/io_pins/libarch_io_pins.a(io_timer.c.obj)
 *fill*         0x0000000008007ade        0x2 
 .text.reallocate_channel_resources
                0x0000000008007ae0       0x30 platforms/nuttx/src/px4/stm/stm32f1/io_pins/libarch_io_pins.a(io_timer.c.obj)
 .text.io_timer_handler6
                0x0000000008007b10        0x4 platforms/nuttx/src/px4/stm/stm32f1/io_pins/libarch_io_pins.a(io_timer.c.obj)
 .text.io_timer_handler7
                0x0000000008007b14        0x4 platforms/nuttx/src/px4/stm/stm32f1/io_pins/libarch_io_pins.a(io_timer.c.obj)
 .text.io_timer_handler1
                0x0000000008007b18        0x4 platforms/nuttx/src/px4/stm/stm32f1/io_pins/libarch_io_pins.a(io_timer.c.obj)
 .text.io_timer_handler2
                0x0000000008007b1c        0x4 platforms/nuttx/src/px4/stm/stm32f1/io_pins/libarch_io_pins.a(io_timer.c.obj)
 .text.io_timer_handler3
                0x0000000008007b20        0x4 platforms/nuttx/src/px4/stm/stm32f1/io_pins/libarch_io_pins.a(io_timer.c.obj)
 .text.io_timer_handler4
                0x0000000008007b24        0x4 platforms/nuttx/src/px4/stm/stm32f1/io_pins/libarch_io_pins.a(io_timer.c.obj)
 .text.io_timer_handler5
                0x0000000008007b28        0x4 platforms/nuttx/src/px4/stm/stm32f1/io_pins/libarch_io_pins.a(io_timer.c.obj)
 .text.get_timer_channels
                0x0000000008007b2c       0x54 platforms/nuttx/src/px4/stm/stm32f1/io_pins/libarch_io_pins.a(io_timer.c.obj)
 .text.io_timer_validate_channel_index
                0x0000000008007b80       0x40 platforms/nuttx/src/px4/stm/stm32f1/io_pins/libarch_io_pins.a(io_timer.c.obj)
                0x0000000008007b80                io_timer_validate_channel_index
 .text.io_timer_is_channel_free
                0x0000000008007bc0       0x20 platforms/nuttx/src/px4/stm/stm32f1/io_pins/libarch_io_pins.a(io_timer.c.obj)
                0x0000000008007bc0                io_timer_is_channel_free
 .text.io_timer_get_mode_channels
                0x0000000008007be0       0x14 platforms/nuttx/src/px4/stm/stm32f1/io_pins/libarch_io_pins.a(io_timer.c.obj)
                0x0000000008007be0                io_timer_get_mode_channels
 .text.io_timer_get_channel_mode
                0x0000000008007bf4       0x24 platforms/nuttx/src/px4/stm/stm32f1/io_pins/libarch_io_pins.a(io_timer.c.obj)
                0x0000000008007bf4                io_timer_get_channel_mode
 .text.io_timer_trigger
                0x0000000008007c18       0x70 platforms/nuttx/src/px4/stm/stm32f1/io_pins/libarch_io_pins.a(io_timer.c.obj)
                0x0000000008007c18                io_timer_trigger
 .text.io_timer_init_timer
                0x0000000008007c88       0xd0 platforms/nuttx/src/px4/stm/stm32f1/io_pins/libarch_io_pins.a(io_timer.c.obj)
                0x0000000008007c88                io_timer_init_timer
 .text.io_timer_set_rate
                0x0000000008007d58       0xb0 platforms/nuttx/src/px4/stm/stm32f1/io_pins/libarch_io_pins.a(io_timer.c.obj)
                0x0000000008007d58                io_timer_set_rate
 .text.io_timer_channel_init
                0x0000000008007e08      0x10c platforms/nuttx/src/px4/stm/stm32f1/io_pins/libarch_io_pins.a(io_timer.c.obj)
                0x0000000008007e08                io_timer_channel_init
 .text.io_timer_set_enable
                0x0000000008007f14      0x1a4 platforms/nuttx/src/px4/stm/stm32f1/io_pins/libarch_io_pins.a(io_timer.c.obj)
                0x0000000008007f14                io_timer_set_enable
 .text.io_timer_free_channel
                0x00000000080080b8       0x54 platforms/nuttx/src/px4/stm/stm32f1/io_pins/libarch_io_pins.a(io_timer.c.obj)
                0x00000000080080b8                io_timer_free_channel
 .text.io_timer_set_ccr
                0x000000000800810c       0x44 platforms/nuttx/src/px4/stm/stm32f1/io_pins/libarch_io_pins.a(io_timer.c.obj)
                0x000000000800810c                io_timer_set_ccr
 .text.io_timer_get_group
                0x0000000008008150        0x4 platforms/nuttx/src/px4/stm/stm32f1/io_pins/libarch_io_pins.a(io_timer.c.obj)
                0x0000000008008150                io_timer_get_group
 .text.up_systemreset
                0x0000000008008154       0x1c NuttX/nuttx/arch/arm/src/libarch.a(arm_systemreset.o)
                0x0000000008008154                up_systemreset
 .text.up_udelay
                0x0000000008008170       0x72 NuttX/nuttx/arch/arm/src/libarch.a(arm_udelay.o)
                0x0000000008008170                up_udelay
 .text.stm32_boardinitialize
                0x00000000080081e2      0x154 boards/px4/io-v2/src/libdrivers_board.a(init.c.obj)
                0x00000000080081e2                stm32_boardinitialize
 *fill*         0x0000000008008336        0x2 
 .text.hrt_absolute_time
                0x0000000008008338       0x4c platforms/nuttx/src/px4/stm/stm32f1/hrt/libarch_hrt.a(hrt.c.obj)
                0x0000000008008338                hrt_absolute_time
 .text.hrt_call_reschedule
                0x0000000008008384       0x54 platforms/nuttx/src/px4/stm/stm32f1/hrt/libarch_hrt.a(hrt.c.obj)
 .text.hrt_call_enter
                0x00000000080083d8       0x4c platforms/nuttx/src/px4/stm/stm32f1/hrt/libarch_hrt.a(hrt.c.obj)
 .text.hrt_call_internal
                0x0000000008008424       0x48 platforms/nuttx/src/px4/stm/stm32f1/hrt/libarch_hrt.a(hrt.c.obj)
 .text.hrt_tim_isr
                0x000000000800846c      0x1f0 platforms/nuttx/src/px4/stm/stm32f1/hrt/libarch_hrt.a(hrt.c.obj)
 .text.hrt_elapsed_time_atomic
                0x000000000800865c       0x24 platforms/nuttx/src/px4/stm/stm32f1/hrt/libarch_hrt.a(hrt.c.obj)
                0x000000000800865c                hrt_elapsed_time_atomic
 .text.hrt_init
                0x0000000008008680       0x84 platforms/nuttx/src/px4/stm/stm32f1/hrt/libarch_hrt.a(hrt.c.obj)
                0x0000000008008680                hrt_init
 .text.hrt_call_every
                0x0000000008008704       0x2e platforms/nuttx/src/px4/stm/stm32f1/hrt/libarch_hrt.a(hrt.c.obj)
                0x0000000008008704                hrt_call_every
 .text._ZN10MixerGroup13load_from_bufEPFijhhRfEjPKcRj
                0x0000000008008732       0x94 src/lib/mixer/libmixer.a(MixerGroup.cpp.obj)
                0x0000000008008732                MixerGroup::load_from_buf(int (*)(unsigned int, unsigned char, unsigned char, float&), unsigned int, char const*, unsigned int&)
 .text._ZN4ListIP5MixerE8IteratorppEv
                0x00000000080087c6        0xa src/lib/mixer/libmixer.a(MixerGroup.cpp.obj)
                0x00000000080087c6                List<Mixer*>::Iterator::operator++()
 .text._ZN10MixerGroup3mixEPfj
                0x00000000080087d0       0x30 src/lib/mixer/libmixer.a(MixerGroup.cpp.obj)
                0x00000000080087d0                MixerGroup::mix(float*, unsigned int)
 .text._ZN10MixerGroup9set_trimsEPsj
                0x0000000008008800       0x84 src/lib/mixer/libmixer.a(MixerGroup.cpp.obj)
                0x0000000008008800                MixerGroup::set_trims(short*, unsigned int)
 .text._ZN10MixerGroup17set_thrust_factorEf
                0x0000000008008884       0x20 src/lib/mixer/libmixer.a(MixerGroup.cpp.obj)
                0x0000000008008884                MixerGroup::set_thrust_factor(float)
 .text._ZN10MixerGroup11set_airmodeEN5Mixer7AirmodeE
                0x00000000080088a4       0x20 src/lib/mixer/libmixer.a(MixerGroup.cpp.obj)
                0x00000000080088a4                MixerGroup::set_airmode(Mixer::Airmode)
 .text._ZN10MixerGroup21get_saturation_statusEv
                0x00000000080088c4       0x24 src/lib/mixer/libmixer.a(MixerGroup.cpp.obj)
                0x00000000080088c4                MixerGroup::get_saturation_status()
 .text._ZN10MixerGroup22set_max_delta_out_onceEf
                0x00000000080088e8       0x20 src/lib/mixer/libmixer.a(MixerGroup.cpp.obj)
                0x00000000080088e8                MixerGroup::set_max_delta_out_once(float)
 .text._ZN5Mixer21get_saturation_statusEv
                0x0000000008008908        0x4 src/lib/mixer/HelicopterMixer/libHelicopterMixer.a(HelicopterMixer.cpp.obj)
                0x0000000008008908                Mixer::get_saturation_status()
 .text._ZN5Mixer22set_max_delta_out_onceEf
                0x000000000800890c        0x2 src/lib/mixer/HelicopterMixer/libHelicopterMixer.a(HelicopterMixer.cpp.obj)
                0x000000000800890c                Mixer::set_max_delta_out_once(float)
 .text._ZN5Mixer17set_thrust_factorEf
                0x000000000800890e        0x2 src/lib/mixer/HelicopterMixer/libHelicopterMixer.a(HelicopterMixer.cpp.obj)
                0x000000000800890e                Mixer::set_thrust_factor(float)
 .text._ZN5Mixer11set_airmodeENS_7AirmodeE
                0x0000000008008910        0x2 src/lib/mixer/HelicopterMixer/libHelicopterMixer.a(HelicopterMixer.cpp.obj)
                0x0000000008008910                Mixer::set_airmode(Mixer::Airmode)
 .text._ZN5Mixer20get_multirotor_countEv
                0x0000000008008912        0x4 src/lib/mixer/HelicopterMixer/libHelicopterMixer.a(HelicopterMixer.cpp.obj)
                0x0000000008008912                Mixer::get_multirotor_count()
 .text._ZN15HelicopterMixer15groups_requiredERj
                0x0000000008008916        0xa src/lib/mixer/HelicopterMixer/libHelicopterMixer.a(HelicopterMixer.cpp.obj)
                0x0000000008008916                HelicopterMixer::groups_required(unsigned int&)
 .text._ZN15HelicopterMixer8set_trimEf
                0x0000000008008920        0x4 src/lib/mixer/HelicopterMixer/libHelicopterMixer.a(HelicopterMixer.cpp.obj)
                0x0000000008008920                HelicopterMixer::set_trim(float)
 .text._ZN15HelicopterMixer8get_trimEPf
                0x0000000008008924        0x4 src/lib/mixer/HelicopterMixer/libHelicopterMixer.a(HelicopterMixer.cpp.obj)
                0x0000000008008924                HelicopterMixer::get_trim(float*)
 .text._ZN15HelicopterMixerD2Ev
                0x0000000008008928        0x2 src/lib/mixer/HelicopterMixer/libHelicopterMixer.a(HelicopterMixer.cpp.obj)
                0x0000000008008928                HelicopterMixer::~HelicopterMixer()
                0x0000000008008928                HelicopterMixer::~HelicopterMixer()
 .text._ZN15HelicopterMixerD0Ev
                0x000000000800892a        0xc src/lib/mixer/HelicopterMixer/libHelicopterMixer.a(HelicopterMixer.cpp.obj)
                0x000000000800892a                HelicopterMixer::~HelicopterMixer()
 *fill*         0x0000000008008936        0x2 
 .text._ZN15HelicopterMixer3mixEPfj
                0x0000000008008938      0x1f4 src/lib/mixer/HelicopterMixer/libHelicopterMixer.a(HelicopterMixer.cpp.obj)
                0x0000000008008938                HelicopterMixer::mix(float*, unsigned int)
 .text._ZN15HelicopterMixer9from_textEPFijhhRfEjPKcRj
                0x0000000008008b2c      0x244 src/lib/mixer/HelicopterMixer/libHelicopterMixer.a(HelicopterMixer.cpp.obj)
                0x0000000008008b2c                HelicopterMixer::from_text(int (*)(unsigned int, unsigned char, unsigned char, float&), unsigned int, char const*, unsigned int&)
 .text._ZN15MultirotorMixer21get_saturation_statusEv
                0x0000000008008d70        0x4 src/lib/mixer/MultirotorMixer/libMultirotorMixer.a(MultirotorMixer.cpp.obj)
                0x0000000008008d70                MultirotorMixer::get_saturation_status()
 .text._ZN15MultirotorMixer15groups_requiredERj
                0x0000000008008d74        0xa src/lib/mixer/MultirotorMixer/libMultirotorMixer.a(MultirotorMixer.cpp.obj)
                0x0000000008008d74                MultirotorMixer::groups_required(unsigned int&)
 .text._ZN15MultirotorMixer22set_max_delta_out_onceEf
                0x0000000008008d7e        0x4 src/lib/mixer/MultirotorMixer/libMultirotorMixer.a(MultirotorMixer.cpp.obj)
                0x0000000008008d7e                MultirotorMixer::set_max_delta_out_once(float)
 .text._ZN15MultirotorMixer8set_trimEf
                0x0000000008008d82        0x4 src/lib/mixer/MultirotorMixer/libMultirotorMixer.a(MultirotorMixer.cpp.obj)
                0x0000000008008d82                MultirotorMixer::set_trim(float)
 .text._ZN15MultirotorMixer8get_trimEPf
                0x0000000008008d86        0x4 src/lib/mixer/MultirotorMixer/libMultirotorMixer.a(MultirotorMixer.cpp.obj)
                0x0000000008008d86                MultirotorMixer::get_trim(float*)
 .text._ZN15MultirotorMixer17set_thrust_factorEf
                0x0000000008008d8a       0x34 src/lib/mixer/MultirotorMixer/libMultirotorMixer.a(MultirotorMixer.cpp.obj)
                0x0000000008008d8a                MultirotorMixer::set_thrust_factor(float)
 .text._ZN15MultirotorMixer11set_airmodeEN5Mixer7AirmodeE
                0x0000000008008dbe        0x4 src/lib/mixer/MultirotorMixer/libMultirotorMixer.a(MultirotorMixer.cpp.obj)
                0x0000000008008dbe                MultirotorMixer::set_airmode(Mixer::Airmode)
 .text._ZN15MultirotorMixer20get_multirotor_countEv
                0x0000000008008dc2        0x4 src/lib/mixer/MultirotorMixer/libMultirotorMixer.a(MultirotorMixer.cpp.obj)
                0x0000000008008dc2                MultirotorMixer::get_multirotor_count()
 *fill*         0x0000000008008dc6        0x2 
 .text._ZN15MultirotorMixerD2Ev
                0x0000000008008dc8       0x20 src/lib/mixer/MultirotorMixer/libMultirotorMixer.a(MultirotorMixer.cpp.obj)
                0x0000000008008dc8                MultirotorMixer::~MultirotorMixer()
                0x0000000008008dc8                MultirotorMixer::~MultirotorMixer()
 .text._ZN15MultirotorMixerD0Ev
                0x0000000008008de8       0x12 src/lib/mixer/MultirotorMixer/libMultirotorMixer.a(MultirotorMixer.cpp.obj)
                0x0000000008008de8                MultirotorMixer::~MultirotorMixer()
 *fill*         0x0000000008008dfa        0x2 
 .text._ZN15MultirotorMixerC2EPFijhhRfEjPKNS_5RotorEj
                0x0000000008008dfc       0x6c src/lib/mixer/MultirotorMixer/libMultirotorMixer.a(MultirotorMixer.cpp.obj)
                0x0000000008008dfc                MultirotorMixer::MultirotorMixer(int (*)(unsigned int, unsigned char, unsigned char, float&), unsigned int, MultirotorMixer::Rotor const*, unsigned int)
                0x0000000008008dfc                MultirotorMixer::MultirotorMixer(int (*)(unsigned int, unsigned char, unsigned char, float&), unsigned int, MultirotorMixer::Rotor const*, unsigned int)
 .text._ZN15MultirotorMixerC2EPFijhhRfEj18MultirotorGeometry
                0x0000000008008e68       0x24 src/lib/mixer/MultirotorMixer/libMultirotorMixer.a(MultirotorMixer.cpp.obj)
                0x0000000008008e68                MultirotorMixer::MultirotorMixer(int (*)(unsigned int, unsigned char, unsigned char, float&), unsigned int, MultirotorGeometry)
                0x0000000008008e68                MultirotorMixer::MultirotorMixer(int (*)(unsigned int, unsigned char, unsigned char, float&), unsigned int, MultirotorGeometry)
 .text._ZN15MultirotorMixer9from_textEPFijhhRfEjPKcRj
                0x0000000008008e8c       0x78 src/lib/mixer/MultirotorMixer/libMultirotorMixer.a(MultirotorMixer.cpp.obj)
                0x0000000008008e8c                MultirotorMixer::from_text(int (*)(unsigned int, unsigned char, unsigned char, float&), unsigned int, char const*, unsigned int&)
 .text._ZNK15MultirotorMixer25compute_desaturation_gainEPKfS1_RNS_17saturation_statusEff
                0x0000000008008f04       0xc2 src/lib/mixer/MultirotorMixer/libMultirotorMixer.a(MultirotorMixer.cpp.obj)
                0x0000000008008f04                MultirotorMixer::compute_desaturation_gain(float const*, float const*, MultirotorMixer::saturation_status&, float, float) const
 .text._ZNK15MultirotorMixer19minimize_saturationEPKfPfRNS_17saturation_statusEffb
                0x0000000008008fc6       0x9c src/lib/mixer/MultirotorMixer/libMultirotorMixer.a(MultirotorMixer.cpp.obj)
                0x0000000008008fc6                MultirotorMixer::minimize_saturation(float const*, float*, MultirotorMixer::saturation_status&, float, float, bool) const
 *fill*         0x0000000008009062        0x2 
 .text._ZN15MultirotorMixer7mix_yawEfPf
                0x0000000008009064       0x98 src/lib/mixer/MultirotorMixer/libMultirotorMixer.a(MultirotorMixer.cpp.obj)
                0x0000000008009064                MultirotorMixer::mix_yaw(float, float*)
 .text._ZN15MultirotorMixer24update_saturation_statusEjbbb
                0x00000000080090fc      0x14e src/lib/mixer/MultirotorMixer/libMultirotorMixer.a(MultirotorMixer.cpp.obj)
                0x00000000080090fc                MultirotorMixer::update_saturation_status(unsigned int, bool, bool, bool)
 *fill*         0x000000000800924a        0x2 
 .text._ZN15MultirotorMixer3mixEPfj
                0x000000000800924c      0x4c0 src/lib/mixer/MultirotorMixer/libMultirotorMixer.a(MultirotorMixer.cpp.obj)
                0x000000000800924c                MultirotorMixer::mix(float*, unsigned int)
 .text._ZN5Mixer15groups_requiredERj
                0x000000000800970c        0x2 src/lib/mixer/NullMixer/libNullMixer.a(NullMixer.cpp.obj)
                0x000000000800970c                Mixer::groups_required(unsigned int&)
 .text._ZN9NullMixer8set_trimEf
                0x000000000800970e        0x4 src/lib/mixer/NullMixer/libNullMixer.a(NullMixer.cpp.obj)
                0x000000000800970e                NullMixer::set_trim(float)
 .text._ZN9NullMixer8get_trimEPf
                0x0000000008009712        0x4 src/lib/mixer/NullMixer/libNullMixer.a(NullMixer.cpp.obj)
                0x0000000008009712                NullMixer::get_trim(float*)
 *fill*         0x0000000008009716        0x2 
 .text._ZN9NullMixer3mixEPfj
                0x0000000008009718       0x10 src/lib/mixer/NullMixer/libNullMixer.a(NullMixer.cpp.obj)
                0x0000000008009718                NullMixer::mix(float*, unsigned int)
 .text._ZN9NullMixerD2Ev
                0x0000000008009728        0x2 src/lib/mixer/NullMixer/libNullMixer.a(NullMixer.cpp.obj)
                0x0000000008009728                NullMixer::~NullMixer()
                0x0000000008009728                NullMixer::~NullMixer()
 .text._ZN9NullMixerD0Ev
                0x000000000800972a        0xc src/lib/mixer/NullMixer/libNullMixer.a(NullMixer.cpp.obj)
                0x000000000800972a                NullMixer::~NullMixer()
 *fill*         0x0000000008009736        0x2 
 .text._ZN9NullMixer9from_textEPKcRj
                0x0000000008009738       0x44 src/lib/mixer/NullMixer/libNullMixer.a(NullMixer.cpp.obj)
                0x0000000008009738                NullMixer::from_text(char const*, unsigned int&)
 .text._ZN11SimpleMixer8set_trimEf
                0x000000000800977c        0x8 src/lib/mixer/SimpleMixer/libSimpleMixer.a(SimpleMixer.cpp.obj)
                0x000000000800977c                SimpleMixer::set_trim(float)
 .text._ZN11SimpleMixer8get_trimEPf
                0x0000000008009784        0xa src/lib/mixer/SimpleMixer/libSimpleMixer.a(SimpleMixer.cpp.obj)
                0x0000000008009784                SimpleMixer::get_trim(float*)
 .text._ZN11SimpleMixer15groups_requiredERj
                0x000000000800978e       0x26 src/lib/mixer/SimpleMixer/libSimpleMixer.a(SimpleMixer.cpp.obj)
                0x000000000800978e                SimpleMixer::groups_required(unsigned int&)
 .text._ZN11SimpleMixerD2Ev
                0x00000000080097b4       0x10 src/lib/mixer/SimpleMixer/libSimpleMixer.a(SimpleMixer.cpp.obj)
                0x00000000080097b4                SimpleMixer::~SimpleMixer()
                0x00000000080097b4                SimpleMixer::~SimpleMixer()
 .text._ZN11SimpleMixerD0Ev
                0x00000000080097c4       0x12 src/lib/mixer/SimpleMixer/libSimpleMixer.a(SimpleMixer.cpp.obj)
                0x00000000080097c4                SimpleMixer::~SimpleMixer()
 *fill*         0x00000000080097d6        0x2 
 .text._ZN11SimpleMixer19parse_output_scalerEPKcRjR14mixer_scaler_s
                0x00000000080097d8       0xa4 src/lib/mixer/SimpleMixer/libSimpleMixer.a(SimpleMixer.cpp.obj)
                0x00000000080097d8                SimpleMixer::parse_output_scaler(char const*, unsigned int&, mixer_scaler_s&)
 .text._ZN11SimpleMixer20parse_control_scalerEPKcRjR14mixer_scaler_sRhS5_
                0x000000000800987c       0xac src/lib/mixer/SimpleMixer/libSimpleMixer.a(SimpleMixer.cpp.obj)
                0x000000000800987c                SimpleMixer::parse_control_scaler(char const*, unsigned int&, mixer_scaler_s&, unsigned char&, unsigned char&)
 .text._ZN11SimpleMixer9from_textEPFijhhRfEjPKcRj
                0x0000000008009928       0xec src/lib/mixer/SimpleMixer/libSimpleMixer.a(SimpleMixer.cpp.obj)
                0x0000000008009928                SimpleMixer::from_text(int (*)(unsigned int, unsigned char, unsigned char, float&), unsigned int, char const*, unsigned int&)
 .text._ZN11SimpleMixer5scaleERK14mixer_scaler_sf
                0x0000000008009a14       0x52 src/lib/mixer/SimpleMixer/libSimpleMixer.a(SimpleMixer.cpp.obj)
                0x0000000008009a14                SimpleMixer::scale(mixer_scaler_s const&, float)
 .text._ZN11SimpleMixer3mixEPfj
                0x0000000008009a66       0x6c src/lib/mixer/SimpleMixer/libSimpleMixer.a(SimpleMixer.cpp.obj)
                0x0000000008009a66                SimpleMixer::mix(float*, unsigned int)
 .text._ZN5Mixer11get_controlEhh
                0x0000000008009ad2       0x10 src/lib/mixer/MixerBase/libMixerBase.a(Mixer.cpp.obj)
                0x0000000008009ad2                Mixer::get_control(unsigned char, unsigned char)
 .text._ZN5Mixer7findtagEPKcRjc
                0x0000000008009ae2       0x24 src/lib/mixer/MixerBase/libMixerBase.a(Mixer.cpp.obj)
                0x0000000008009ae2                Mixer::findtag(char const*, unsigned int&, char)
 .text._ZN5Mixer11findnexttagEPKcj
                0x0000000008009b06       0x22 src/lib/mixer/MixerBase/libMixerBase.a(Mixer.cpp.obj)
                0x0000000008009b06                Mixer::findnexttag(char const*, unsigned int)
 .text._ZN5Mixer8skiplineEPKcRj
                0x0000000008009b28       0x2a src/lib/mixer/MixerBase/libMixerBase.a(Mixer.cpp.obj)
                0x0000000008009b28                Mixer::skipline(char const*, unsigned int&)
 .text._ZN5Mixer18string_well_formedEPKcRj
                0x0000000008009b52       0x1e src/lib/mixer/MixerBase/libMixerBase.a(Mixer.cpp.obj)
                0x0000000008009b52                Mixer::string_well_formed(char const*, unsigned int&)
 .text.st24_common_crc8
                0x0000000008009b70       0x38 src/lib/rc/librc.a(st24.cpp.obj)
                0x0000000008009b70                st24_common_crc8
 .text.st24_decode
                0x0000000008009ba8      0x218 src/lib/rc/librc.a(st24.cpp.obj)
                0x0000000008009ba8                st24_decode
 .text.sumd_crc16
                0x0000000008009dc0       0x1e src/lib/rc/librc.a(sumd.cpp.obj)
                0x0000000008009dc0                sumd_crc16
 *fill*         0x0000000008009dde        0x2 
 .text.sumd_decode
                0x0000000008009de0      0x3a8 src/lib/rc/librc.a(sumd.cpp.obj)
                0x0000000008009de0                sumd_decode
 .text.sbus_config
                0x000000000800a188       0x6c src/lib/rc/librc.a(sbus.cpp.obj)
                0x000000000800a188                sbus_config
 .text.sbus_init
                0x000000000800a1f4       0x1e src/lib/rc/librc.a(sbus.cpp.obj)
                0x000000000800a1f4                sbus_init
 *fill*         0x000000000800a212        0x2 
 .text.sbus1_output
                0x000000000800a214      0x100 src/lib/rc/librc.a(sbus.cpp.obj)
                0x000000000800a214                sbus1_output
 .text.sbus2_output
                0x000000000800a314        0x4 src/lib/rc/librc.a(sbus.cpp.obj)
                0x000000000800a314                sbus2_output
 .text.sbus_parse
                0x000000000800a318      0x26c src/lib/rc/librc.a(sbus.cpp.obj)
                0x000000000800a318                sbus_parse
 .text.sbus_input
                0x000000000800a584       0x98 src/lib/rc/librc.a(sbus.cpp.obj)
                0x000000000800a584                sbus_input
 .text.sbus1_set_output_rate_hz
                0x000000000800a61c       0x24 src/lib/rc/librc.a(sbus.cpp.obj)
                0x000000000800a61c                sbus1_set_output_rate_hz
 .text._ZL16dsm_guess_formatb.constprop.0
                0x000000000800a640       0x24 src/lib/rc/librc.a(dsm.cpp.obj)
 .text.dsm_config
                0x000000000800a664       0x60 src/lib/rc/librc.a(dsm.cpp.obj)
                0x000000000800a664                dsm_config
 .text.dsm_proto_init
                0x000000000800a6c4       0x38 src/lib/rc/librc.a(dsm.cpp.obj)
                0x000000000800a6c4                dsm_proto_init
 .text.dsm_init
                0x000000000800a6fc       0x2c src/lib/rc/librc.a(dsm.cpp.obj)
                0x000000000800a6fc                dsm_init
 .text.dsm_bind
                0x000000000800a728       0x7c src/lib/rc/librc.a(dsm.cpp.obj)
                0x000000000800a728                dsm_bind
 .text._Z10dsm_decodeyPtS_PbjPa
                0x000000000800a7a4      0x268 src/lib/rc/librc.a(dsm.cpp.obj)
                0x000000000800a7a4                dsm_decode(unsigned long long, unsigned short*, unsigned short*, bool*, unsigned int, signed char*)
 .text.dsm_parse
                0x000000000800aa0c      0x120 src/lib/rc/librc.a(dsm.cpp.obj)
                0x000000000800aa0c                dsm_parse
 .text.dsm_input
                0x000000000800ab2c       0x60 src/lib/rc/librc.a(dsm.cpp.obj)
                0x000000000800ab2c                dsm_input
 .text.output_limit_init
                0x000000000800ab8c       0x12 src/lib/output_limit/liboutput_limit.a(output_limit.cpp.obj)
                0x000000000800ab8c                output_limit_init
 *fill*         0x000000000800ab9e        0x2 
 .text.output_limit_calc
                0x000000000800aba0      0x258 src/lib/output_limit/liboutput_limit.a(output_limit.cpp.obj)
                0x000000000800aba0                output_limit_calc
 .text.__cxa_atexit
                0x000000000800adf8        0x4 NuttX/nuttx/libs/libxx/libxx.a(libxx_cxa_atexit.o)
                0x000000000800adf8                __cxa_atexit
 .text.__aeabi_atexit
                0x000000000800adfc        0xa NuttX/nuttx/libs/libxx/libxx.a(libxx_eabi_atexit.o)
                0x000000000800adfc                __aeabi_atexit
 .text._ZdlPv   0x000000000800ae06        0x4 NuttX/nuttx/libs/libxx/libxx.a(libxx_delete.o)
                0x000000000800ae06                operator delete(void*)
 .text._ZdaPv   0x000000000800ae0a        0x4 NuttX/nuttx/libs/libxx/libxx.a(libxx_deletea.o)
                0x000000000800ae0a                operator delete[](void*)
 .text._Znwj    0x000000000800ae0e        0xa NuttX/nuttx/libs/libxx/libxx.a(libxx_new.o)
                0x000000000800ae0e                operator new(unsigned int)
 .text._Znaj    0x000000000800ae18        0xa NuttX/nuttx/libs/libxx/libxx.a(libxx_newa.o)
                0x000000000800ae18                operator new[](unsigned int)
 *fill*         0x000000000800ae22        0x2 
 .text.crc32part
                0x000000000800ae24       0x28 NuttX/nuttx/libs/libc/libc.a(lib_crc32.o)
                0x000000000800ae24                crc32part
 .text.printf   0x000000000800ae4c       0x26 NuttX/nuttx/libs/libc/libc.a(lib_printf.o)
                0x000000000800ae4c                printf
 .text.vsnprintf
                0x000000000800ae72       0x2a NuttX/nuttx/libs/libc/libc.a(lib_vsnprintf.o)
                0x000000000800ae72                vsnprintf
 .text.sscanf   0x000000000800ae9c       0x1a NuttX/nuttx/libs/libc/libc.a(lib_sscanf.o)
                0x000000000800ae9c                sscanf
 .text.vsscanf  0x000000000800aeb6       0x24 NuttX/nuttx/libs/libc/libc.a(lib_vsscanf.o)
                0x000000000800aeb6                vsscanf
 *fill*         0x000000000800aeda        0x2 
 .text.lib_vscanf
                0x000000000800aedc      0x5ac NuttX/nuttx/libs/libc/libc.a(lib_libvscanf.o)
                0x000000000800aedc                lib_vscanf
 .text.vfprintf
                0x000000000800b488       0x1e NuttX/nuttx/libs/libc/libc.a(lib_vfprintf.o)
                0x000000000800b488                vfprintf
 .text.stdoutstream_putc
                0x000000000800b4a6       0x26 NuttX/nuttx/libs/libc/libc.a(lib_stdoutstream.o)
 .text.lib_stdoutstream
                0x000000000800b4cc       0x18 NuttX/nuttx/libs/libc/libc.a(lib_stdoutstream.o)
                0x000000000800b4cc                lib_stdoutstream
 .text.atoi     0x000000000800b4e4        0x8 NuttX/nuttx/libs/libc/libc.a(lib_atoi.o)
                0x000000000800b4e4                atoi
 .text.strtol   0x000000000800b4ec       0x74 NuttX/nuttx/libs/libc/libc.a(lib_strtol.o)
                0x000000000800b4ec                strtol
 .text.strtoul  0x000000000800b560       0xa2 NuttX/nuttx/libs/libc/libc.a(lib_strtoul.o)
                0x000000000800b560                strtoul
 .text.lib_checkbase
                0x000000000800b602       0x5e NuttX/nuttx/libs/libc/libc.a(lib_checkbase.o)
                0x000000000800b602                lib_checkbase
 .text.lib_isbasedigit
                0x000000000800b660       0x4c NuttX/nuttx/libs/libc/libc.a(lib_isbasedigit.o)
                0x000000000800b660                lib_isbasedigit
 .text.memchr   0x000000000800b6ac       0x1c NuttX/nuttx/libs/libc/libc.a(lib_memchr.o)
                0x000000000800b6ac                memchr
 .text.memmove  0x000000000800b6c8       0x2e NuttX/nuttx/libs/libc/libc.a(lib_memmove.o)
                0x000000000800b6c8                memmove
 .text.lib_skipspace
                0x000000000800b6f6       0x18 NuttX/nuttx/libs/libc/libc.a(lib_skipspace.o)
                0x000000000800b6f6                lib_skipspace
 .text.strchr   0x000000000800b70e       0x16 NuttX/nuttx/libs/libc/libc.a(lib_strchr.o)
                0x000000000800b70e                strchr
 .text.strcmp   0x000000000800b724       0x16 NuttX/nuttx/libs/libc/libc.a(lib_strcmp.o)
                0x000000000800b724                strcmp
 .text.strncpy  0x000000000800b73a       0x24 NuttX/nuttx/libs/libc/libc.a(lib_strncpy.o)
                0x000000000800b73a                strncpy
 *fill*         0x000000000800b75e        0x2 
 .text.vsyslog  0x000000000800b760       0x20 NuttX/nuttx/libs/libc/libc.a(lib_syslog.o)
                0x000000000800b760                vsyslog
 .text.syslog   0x000000000800b780       0x1a NuttX/nuttx/libs/libc/libc.a(lib_syslog.o)
                0x000000000800b780                syslog
 .text.tcgetattr
                0x000000000800b79a        0xa NuttX/nuttx/libs/libc/libc.a(lib_tcgetattr.o)
                0x000000000800b79a                tcgetattr
 .text.tcsetattr
                0x000000000800b7a4       0x10 NuttX/nuttx/libs/libc/libc.a(lib_tcsetattr.o)
                0x000000000800b7a4                tcsetattr
 .text.isspace  0x000000000800b7b4       0x14 NuttX/nuttx/libs/libc/libc.a(lib_isspace.o)
                0x000000000800b7b4                isspace
 .text.meminstream_getc
                0x000000000800b7c8       0x1a NuttX/nuttx/libs/libc/libc.a(lib_meminstream.o)
 *fill*         0x000000000800b7e2        0x2 
 .text.lib_meminstream
                0x000000000800b7e4       0x14 NuttX/nuttx/libs/libc/libc.a(lib_meminstream.o)
                0x000000000800b7e4                lib_meminstream
 .text.fputc    0x000000000800b7f8       0x3c NuttX/nuttx/libs/libc/libc.a(lib_fputc.o)
                0x000000000800b7f8                fputc
 .text.lib_fwrite
                0x000000000800b834       0x1c NuttX/nuttx/libs/libc/libc.a(lib_libfwrite.o)
                0x000000000800b834                lib_fwrite
 .text.nx_vsyslog
                0x000000000800b850       0x26 NuttX/nuttx/drivers/libdrivers.a(vsyslog.o)
                0x000000000800b850                nx_vsyslog
 .text.syslogstream_putc
                0x000000000800b876       0x22 NuttX/nuttx/drivers/libdrivers.a(syslog_stream.o)
 .text.syslogstream_create
                0x000000000800b898       0x18 NuttX/nuttx/drivers/libdrivers.a(syslog_stream.o)
                0x000000000800b898                syslogstream_create
 .text.emergstream_putc
                0x000000000800b8b0       0x1e NuttX/nuttx/drivers/libdrivers.a(syslog_emergstream.o)
 *fill*         0x000000000800b8ce        0x2 
 .text.emergstream
                0x000000000800b8d0       0x18 NuttX/nuttx/drivers/libdrivers.a(syslog_emergstream.o)
                0x000000000800b8d0                emergstream
 .text.syslog_putc
                0x000000000800b8e8       0x2c NuttX/nuttx/drivers/libdrivers.a(syslog_putc.o)
                0x000000000800b8e8                syslog_putc
 .text.syslog_force
                0x000000000800b914        0xc NuttX/nuttx/drivers/libdrivers.a(syslog_force.o)
                0x000000000800b914                syslog_force
 .text.file_vioctl
                0x000000000800b920       0x1c NuttX/nuttx/fs/libfs.a(fs_ioctl.o)
                0x000000000800b920                file_vioctl
 .text.nx_vioctl
                0x000000000800b93c       0x8c NuttX/nuttx/fs/libfs.a(fs_ioctl.o)
                0x000000000800b93c                nx_vioctl
 .text.ioctl    0x000000000800b9c8       0x2c NuttX/nuttx/fs/libfs.a(fs_ioctl.o)
                0x000000000800b9c8                ioctl
 .text.file_read
                0x000000000800b9f4       0x26 NuttX/nuttx/fs/libfs.a(fs_read.o)
                0x000000000800b9f4                file_read
 .text.nx_read  0x000000000800ba1a       0x28 NuttX/nuttx/fs/libfs.a(fs_read.o)
                0x000000000800ba1a                nx_read
 .text.read     0x000000000800ba42       0x1a NuttX/nuttx/fs/libfs.a(fs_read.o)
                0x000000000800ba42                read
 .text.file_write
                0x000000000800ba5c       0x20 NuttX/nuttx/fs/libfs.a(fs_write.o)
                0x000000000800ba5c                file_write
 .text.nx_write
                0x000000000800ba7c       0x30 NuttX/nuttx/fs/libfs.a(fs_write.o)
                0x000000000800ba7c                nx_write
 .text.write    0x000000000800baac       0x1a NuttX/nuttx/fs/libfs.a(fs_write.o)
                0x000000000800baac                write
 .text.file_vfcntl
                0x000000000800bac6       0x6e NuttX/nuttx/fs/libfs.a(fs_fcntl.o)
                0x000000000800bac6                file_vfcntl
 .text.nx_vfcntl
                0x000000000800bb34       0x28 NuttX/nuttx/fs/libfs.a(fs_fcntl.o)
                0x000000000800bb34                nx_vfcntl
 .text.nx_fcntl
                0x000000000800bb5c       0x1a NuttX/nuttx/fs/libfs.a(fs_fcntl.o)
                0x000000000800bb5c                nx_fcntl
 .text.file_dup
                0x000000000800bb76       0x52 NuttX/nuttx/fs/libfs.a(fs_dupfd.o)
                0x000000000800bb76                file_dup
 .text.mallinfo
                0x000000000800bbc8       0x24 NuttX/nuttx/mm/libmm.a(umm_mallinfo.o)
                0x000000000800bbc8                mallinfo
 .text.mm_mallinfo
                0x000000000800bbec       0x56 NuttX/nuttx/mm/libmm.a(mm_mallinfo.o)
                0x000000000800bbec                mm_mallinfo
 *fill*         0x000000000800bc42        0x2 
 .text.nxsched_get_streams
                0x000000000800bc44       0x10 NuttX/nuttx/sched/libsched.a(sched_getstreams.o)
                0x000000000800bc44                nxsched_get_streams
 .text          0x000000000800bc54       0x78 /usr/lib/gcc/arm-none-eabi/9.2.1/../../../arm-none-eabi/lib/thumb/v7-m/nofp/libm.a(lib_a-sf_cos.o)
                0x000000000800bc54                cosf
 .text          0x000000000800bccc       0x7c /usr/lib/gcc/arm-none-eabi/9.2.1/../../../arm-none-eabi/lib/thumb/v7-m/nofp/libm.a(lib_a-sf_floor.o)
                0x000000000800bccc                floorf
 .text          0x000000000800bd48       0x7c /usr/lib/gcc/arm-none-eabi/9.2.1/../../../arm-none-eabi/lib/thumb/v7-m/nofp/libm.a(lib_a-sf_sin.o)
                0x000000000800bd48                sinf
 .text          0x000000000800bdc4       0x48 /usr/lib/gcc/arm-none-eabi/9.2.1/../../../arm-none-eabi/lib/thumb/v7-m/nofp/libm.a(lib_a-wf_sqrt.o)
                0x000000000800bdc4                sqrtf
 .text          0x000000000800be0c      0x2e8 /usr/lib/gcc/arm-none-eabi/9.2.1/../../../arm-none-eabi/lib/thumb/v7-m/nofp/libm.a(lib_a-ef_rem_pio2.o)
                0x000000000800be0c                __ieee754_rem_pio2f
 .text          0x000000000800c0f4       0xa8 /usr/lib/gcc/arm-none-eabi/9.2.1/../../../arm-none-eabi/lib/thumb/v7-m/nofp/libm.a(lib_a-ef_sqrt.o)
                0x000000000800c0f4                __ieee754_sqrtf
 .text          0x000000000800c19c      0x188 /usr/lib/gcc/arm-none-eabi/9.2.1/../../../arm-none-eabi/lib/thumb/v7-m/nofp/libm.a(lib_a-kf_cos.o)
                0x000000000800c19c                __kernel_cosf
 .text          0x000000000800c324      0x6d4 /usr/lib/gcc/arm-none-eabi/9.2.1/../../../arm-none-eabi/lib/thumb/v7-m/nofp/libm.a(lib_a-kf_rem_pio2.o)
                0x000000000800c324                __kernel_rem_pio2f
 .text          0x000000000800c9f8       0xec /usr/lib/gcc/arm-none-eabi/9.2.1/../../../arm-none-eabi/lib/thumb/v7-m/nofp/libm.a(lib_a-kf_sin.o)
                0x000000000800c9f8                __kernel_sinf
 .text          0x000000000800cae4        0x8 /usr/lib/gcc/arm-none-eabi/9.2.1/../../../arm-none-eabi/lib/thumb/v7-m/nofp/libm.a(lib_a-sf_fabs.o)
                0x000000000800cae4                fabsf
 .text          0x000000000800caec       0xac /usr/lib/gcc/arm-none-eabi/9.2.1/../../../arm-none-eabi/lib/thumb/v7-m/nofp/libm.a(lib_a-sf_scalbn.o)
                0x000000000800caec                scalbnf
 .text          0x000000000800cb98      0x21c /usr/lib/gcc/arm-none-eabi/9.2.1/thumb/v7-m/nofp/libgcc.a(_arm_addsubsf3.o)
                0x000000000800cb98                __aeabi_frsub
                0x000000000800cba0                __subsf3
                0x000000000800cba0                __aeabi_fsub
                0x000000000800cba4                __aeabi_fadd
                0x000000000800cba4                __addsf3
                0x000000000800cd04                __aeabi_ui2f
                0x000000000800cd04                __floatunsisf
                0x000000000800cd0c                __aeabi_i2f
                0x000000000800cd0c                __floatsisf
                0x000000000800cd28                __floatundisf
                0x000000000800cd28                __aeabi_ul2f
                0x000000000800cd38                __floatdisf
                0x000000000800cd38                __aeabi_l2f
 .text          0x000000000800cdb4      0x2a0 /usr/lib/gcc/arm-none-eabi/9.2.1/thumb/v7-m/nofp/libgcc.a(_arm_muldivsf3.o)
                0x000000000800cdb4                __mulsf3
                0x000000000800cdb4                __aeabi_fmul
                0x000000000800cf1c                __divsf3
                0x000000000800cf1c                __aeabi_fdiv
 .text          0x000000000800d054       0xec /usr/lib/gcc/arm-none-eabi/9.2.1/thumb/v7-m/nofp/libgcc.a(_arm_cmpsf2.o)
                0x000000000800d054                __gtsf2
                0x000000000800d054                __gesf2
                0x000000000800d05c                __lesf2
                0x000000000800d05c                __ltsf2
                0x000000000800d064                __nesf2
                0x000000000800d064                __eqsf2
                0x000000000800d064                __cmpsf2
                0x000000000800d0c4                __aeabi_cfrcmple
                0x000000000800d0cc                __aeabi_cfcmple
                0x000000000800d0cc                __aeabi_cfcmpeq
                0x000000000800d0dc                __aeabi_fcmpeq
                0x000000000800d0f0                __aeabi_fcmplt
                0x000000000800d104                __aeabi_fcmple
                0x000000000800d118                __aeabi_fcmpge
                0x000000000800d12c                __aeabi_fcmpgt
 .text          0x000000000800d140       0x2c /usr/lib/gcc/arm-none-eabi/9.2.1/thumb/v7-m/nofp/libgcc.a(_arm_unordsf2.o)
                0x000000000800d140                __aeabi_fcmpun
                0x000000000800d140                __unordsf2
 .text          0x000000000800d16c       0x4c /usr/lib/gcc/arm-none-eabi/9.2.1/thumb/v7-m/nofp/libgcc.a(_arm_fixsfsi.o)
                0x000000000800d16c                __fixsfsi
                0x000000000800d16c                __aeabi_f2iz
 .text          0x000000000800d1b8       0x40 /usr/lib/gcc/arm-none-eabi/9.2.1/thumb/v7-m/nofp/libgcc.a(_arm_fixunssfsi.o)
                0x000000000800d1b8                __aeabi_f2uiz
                0x000000000800d1b8                __fixunssfsi
 *(.fixup)
 *(.gnu.warning)
 *(.rodata .rodata.*)
 .rodata.g_idle_topstack